Archive member included because of file (symbol)

c:/chibistudio/tools/gnu tools arm embedded/4.7 2013q1/bin/../lib/gcc/arm-none-eabi/4.7.3/../../../../arm-none-eabi/lib/armv7e-m\libm.a(lib_a-s_cos.o)
                              build/obj/kb_gps.o (cos)
c:/chibistudio/tools/gnu tools arm embedded/4.7 2013q1/bin/../lib/gcc/arm-none-eabi/4.7.3/../../../../arm-none-eabi/lib/armv7e-m\libm.a(lib_a-s_sin.o)
                              build/obj/kb_gps.o (sin)
c:/chibistudio/tools/gnu tools arm embedded/4.7 2013q1/bin/../lib/gcc/arm-none-eabi/4.7.3/../../../../arm-none-eabi/lib/armv7e-m\libm.a(lib_a-w_atan2.o)
                              build/obj/kb_gps.o (atan2)
c:/chibistudio/tools/gnu tools arm embedded/4.7 2013q1/bin/../lib/gcc/arm-none-eabi/4.7.3/../../../../arm-none-eabi/lib/armv7e-m\libm.a(lib_a-w_pow.o)
                              build/obj/kb_gps.o (pow)
c:/chibistudio/tools/gnu tools arm embedded/4.7 2013q1/bin/../lib/gcc/arm-none-eabi/4.7.3/../../../../arm-none-eabi/lib/armv7e-m\libm.a(lib_a-w_sqrt.o)
                              build/obj/kb_gps.o (sqrt)
c:/chibistudio/tools/gnu tools arm embedded/4.7 2013q1/bin/../lib/gcc/arm-none-eabi/4.7.3/../../../../arm-none-eabi/lib/armv7e-m\libm.a(lib_a-e_atan2.o)
                              c:/chibistudio/tools/gnu tools arm embedded/4.7 2013q1/bin/../lib/gcc/arm-none-eabi/4.7.3/../../../../arm-none-eabi/lib/armv7e-m\libm.a(lib_a-w_atan2.o) (__ieee754_atan2)
c:/chibistudio/tools/gnu tools arm embedded/4.7 2013q1/bin/../lib/gcc/arm-none-eabi/4.7.3/../../../../arm-none-eabi/lib/armv7e-m\libm.a(lib_a-e_pow.o)
                              c:/chibistudio/tools/gnu tools arm embedded/4.7 2013q1/bin/../lib/gcc/arm-none-eabi/4.7.3/../../../../arm-none-eabi/lib/armv7e-m\libm.a(lib_a-w_pow.o) (__ieee754_pow)
c:/chibistudio/tools/gnu tools arm embedded/4.7 2013q1/bin/../lib/gcc/arm-none-eabi/4.7.3/../../../../arm-none-eabi/lib/armv7e-m\libm.a(lib_a-e_rem_pio2.o)
                              c:/chibistudio/tools/gnu tools arm embedded/4.7 2013q1/bin/../lib/gcc/arm-none-eabi/4.7.3/../../../../arm-none-eabi/lib/armv7e-m\libm.a(lib_a-s_cos.o) (__ieee754_rem_pio2)
c:/chibistudio/tools/gnu tools arm embedded/4.7 2013q1/bin/../lib/gcc/arm-none-eabi/4.7.3/../../../../arm-none-eabi/lib/armv7e-m\libm.a(lib_a-e_sqrt.o)
                              c:/chibistudio/tools/gnu tools arm embedded/4.7 2013q1/bin/../lib/gcc/arm-none-eabi/4.7.3/../../../../arm-none-eabi/lib/armv7e-m\libm.a(lib_a-w_sqrt.o) (__ieee754_sqrt)
c:/chibistudio/tools/gnu tools arm embedded/4.7 2013q1/bin/../lib/gcc/arm-none-eabi/4.7.3/../../../../arm-none-eabi/lib/armv7e-m\libm.a(lib_a-k_cos.o)
                              c:/chibistudio/tools/gnu tools arm embedded/4.7 2013q1/bin/../lib/gcc/arm-none-eabi/4.7.3/../../../../arm-none-eabi/lib/armv7e-m\libm.a(lib_a-s_cos.o) (__kernel_cos)
c:/chibistudio/tools/gnu tools arm embedded/4.7 2013q1/bin/../lib/gcc/arm-none-eabi/4.7.3/../../../../arm-none-eabi/lib/armv7e-m\libm.a(lib_a-k_rem_pio2.o)
                              c:/chibistudio/tools/gnu tools arm embedded/4.7 2013q1/bin/../lib/gcc/arm-none-eabi/4.7.3/../../../../arm-none-eabi/lib/armv7e-m\libm.a(lib_a-e_rem_pio2.o) (__kernel_rem_pio2)
c:/chibistudio/tools/gnu tools arm embedded/4.7 2013q1/bin/../lib/gcc/arm-none-eabi/4.7.3/../../../../arm-none-eabi/lib/armv7e-m\libm.a(lib_a-k_sin.o)
                              c:/chibistudio/tools/gnu tools arm embedded/4.7 2013q1/bin/../lib/gcc/arm-none-eabi/4.7.3/../../../../arm-none-eabi/lib/armv7e-m\libm.a(lib_a-s_cos.o) (__kernel_sin)
c:/chibistudio/tools/gnu tools arm embedded/4.7 2013q1/bin/../lib/gcc/arm-none-eabi/4.7.3/../../../../arm-none-eabi/lib/armv7e-m\libm.a(lib_a-s_atan.o)
                              c:/chibistudio/tools/gnu tools arm embedded/4.7 2013q1/bin/../lib/gcc/arm-none-eabi/4.7.3/../../../../arm-none-eabi/lib/armv7e-m\libm.a(lib_a-e_atan2.o) (atan)
c:/chibistudio/tools/gnu tools arm embedded/4.7 2013q1/bin/../lib/gcc/arm-none-eabi/4.7.3/../../../../arm-none-eabi/lib/armv7e-m\libm.a(lib_a-s_fabs.o)
                              c:/chibistudio/tools/gnu tools arm embedded/4.7 2013q1/bin/../lib/gcc/arm-none-eabi/4.7.3/../../../../arm-none-eabi/lib/armv7e-m\libm.a(lib_a-e_atan2.o) (fabs)
c:/chibistudio/tools/gnu tools arm embedded/4.7 2013q1/bin/../lib/gcc/arm-none-eabi/4.7.3/../../../../arm-none-eabi/lib/armv7e-m\libm.a(lib_a-s_finite.o)
                              c:/chibistudio/tools/gnu tools arm embedded/4.7 2013q1/bin/../lib/gcc/arm-none-eabi/4.7.3/../../../../arm-none-eabi/lib/armv7e-m\libm.a(lib_a-w_pow.o) (finite)
c:/chibistudio/tools/gnu tools arm embedded/4.7 2013q1/bin/../lib/gcc/arm-none-eabi/4.7.3/../../../../arm-none-eabi/lib/armv7e-m\libm.a(lib_a-s_floor.o)
                              c:/chibistudio/tools/gnu tools arm embedded/4.7 2013q1/bin/../lib/gcc/arm-none-eabi/4.7.3/../../../../arm-none-eabi/lib/armv7e-m\libm.a(lib_a-k_rem_pio2.o) (floor)
[...]
Memory Configuration

Name             Origin             Length             Attributes
flash            0x08000000         0x00100000
ram              0x20000000         0x0001c000
ethram           0x2001c000         0x00004000
ccmram           0x10000000         0x00010000
*default*        0x00000000         0xffffffff

Linker script and memory map

LOAD build/obj/kb_debug_asm.o
LOAD build/obj/crt0.o
LOAD build/obj/vectors.o
LOAD build/obj/chcore.o
LOAD build/obj/chcore_v7m.o
LOAD build/obj/nvic.o
LOAD build/obj/chsys.o
LOAD build/obj/chdebug.o
LOAD build/obj/chlists.o
LOAD build/obj/chvt.o
LOAD build/obj/chschd.o
LOAD build/obj/chthreads.o
LOAD build/obj/chdynamic.o
LOAD build/obj/chregistry.o
LOAD build/obj/chsem.o
LOAD build/obj/chmtx.o
LOAD build/obj/chcond.o
LOAD build/obj/chevents.o
LOAD build/obj/chmsg.o
LOAD build/obj/chmboxes.o
LOAD build/obj/chqueues.o
LOAD build/obj/chmemcore.o
LOAD build/obj/chheap.o
LOAD build/obj/chmempools.o
LOAD build/obj/hal.o
LOAD build/obj/adc.o
LOAD build/obj/can.o
LOAD build/obj/dac.o
LOAD build/obj/ext.o
LOAD build/obj/gpt.o
LOAD build/obj/i2c.o
LOAD build/obj/icu.o
LOAD build/obj/mac.o
LOAD build/obj/mmc_spi.o
LOAD build/obj/mmcsd.o
LOAD build/obj/pal.o
LOAD build/obj/pwm.o
LOAD build/obj/rtc.o
LOAD build/obj/sdc.o
LOAD build/obj/serial.o
LOAD build/obj/serial_usb.o
LOAD build/obj/spi.o
LOAD build/obj/tm.o
LOAD build/obj/uart.o
LOAD build/obj/usb.o
LOAD build/obj/stm32_dma.o
LOAD build/obj/hal_lld.o
LOAD build/obj/adc_lld.o
LOAD build/obj/ext_lld_isr.o
LOAD build/obj/can_lld.o
LOAD build/obj/ext_lld.o
LOAD build/obj/mac_lld.o
LOAD build/obj/sdc_lld.o
LOAD build/obj/pal_lld.o
LOAD build/obj/i2c_lld.o
LOAD build/obj/usb_lld.o
LOAD build/obj/rtc_lld.o
LOAD build/obj/spi_lld.o
LOAD build/obj/gpt_lld.o
LOAD build/obj/icu_lld.o
LOAD build/obj/pwm_lld.o
LOAD build/obj/serial_lld.o
LOAD build/obj/uart_lld.o
LOAD build/obj/board.o
LOAD build/obj/chprintf.o
LOAD build/obj/chrtclib.o
LOAD build/obj/memstreams.o
LOAD build/obj/kb_debug.o
LOAD build/obj/kb_time.o
LOAD build/obj/kb_buttons.o
LOAD build/obj/kb_gps.o
LOAD build/obj/kb_util.o
LOAD build/obj/glcdfont.o
LOAD build/obj/main.o
LOAD build/obj/ST7565.o
LOAD c:/chibistudio/tools/gnu tools arm embedded/4.7 2013q1/bin/../lib/gcc/arm-none-eabi/4.7.3/../../../../arm-none-eabi/lib/armv7e-m\libm.a
START GROUP
LOAD c:/chibistudio/tools/gnu tools arm embedded/4.7 2013q1/bin/../lib/gcc/arm-none-eabi/4.7.3/armv7e-m\libgcc.a
LOAD c:/chibistudio/tools/gnu tools arm embedded/4.7 2013q1/bin/../lib/gcc/arm-none-eabi/4.7.3/../../../../arm-none-eabi/lib/armv7e-m\libc.a
END GROUP
                0x00000400                __main_stack_size__ = 0x400
                0x00000400                __process_stack_size__ = 0x400
                0x20000000                __ram_start__ = ORIGIN (ram)
                0x0001c000                __ram_size__ = 0x1c000
                0x2001c000                __ram_end__ = (__ram_start__ + __ram_size__)
                0x00000000                . = 0x0
                0x00000000                _text = .

startup         0x08000000      0x188
 *(vectors)
 vectors        0x08000000      0x188 build/obj/vectors.o
                0x08000000                _vectors

constructors    0x08000188        0x0
                0x08000188                PROVIDE (__init_array_start, .)
 *(SORT(.init_array.*))
 *(.init_array)
                0x08000188                PROVIDE (__init_array_end, .)

destructors     0x08000188        0x0
                0x08000188                PROVIDE (__fini_array_start, .)
 *(.fini_array)
 *(SORT(.fini_array.*))
                0x08000188                PROVIDE (__fini_array_end, .)

.text           0x08000190     0x73b4
 *(.text.startup.*)
 .text.startup.main
                0x08000190      0x2c0 build/obj/main.o
                0x08000190                main
 *(.text)
 .text          0x08000450       0x12 build/obj/kb_debug_asm.o
                0x08000450                HardFaultVector
 *fill*         0x08000462        0xe 00
 .text          0x08000470      0x370 c:/chibistudio/tools/gnu tools arm embedded/4.7 2013q1/bin/../lib/gcc/arm-none-eabi/4.7.3/armv7e-m\libgcc.a(_arm_addsubdf3.o)
                0x08000470                __aeabi_drsub
                0x08000478                __aeabi_dsub
                0x08000478                __subdf3
                0x0800047c                __aeabi_dadd
                0x0800047c                __adddf3
                0x080006f4                __floatunsidf
                0x080006f4                __aeabi_ui2d
                0x08000714                __floatsidf
                0x08000714                __aeabi_i2d
                0x08000738                __aeabi_f2d
                0x08000738                __extendsfdf2
                0x08000774                __floatundidf
                0x08000774                __aeabi_ul2d
                0x08000784                __floatdidf
                0x08000784                __aeabi_l2d
 .text          0x080007e0      0x424 c:/chibistudio/tools/gnu tools arm embedded/4.7 2013q1/bin/../lib/gcc/arm-none-eabi/4.7.3/armv7e-m\libgcc.a(_arm_muldivdf3.o)
                0x080007e0                __aeabi_dmul
                0x080007e0                __muldf3
                0x08000a34                __divdf3
                0x08000a34                __aeabi_ddiv
 *fill*         0x08000c04        0xc 00
 .text          0x08000c10       0x50 c:/chibistudio/tools/gnu tools arm embedded/4.7 2013q1/bin/../lib/gcc/arm-none-eabi/4.7.3/armv7e-m\libgcc.a(_arm_fixdfsi.o)
                0x08000c10                __aeabi_d2iz
                0x08000c10                __fixdfsi
 .text          0x08000c60       0xa0 c:/chibistudio/tools/gnu tools arm embedded/4.7 2013q1/bin/../lib/gcc/arm-none-eabi/4.7.3/armv7e-m\libgcc.a(_arm_truncdfsf2.o)
                0x08000c60                __truncdfsf2
                0x08000c60                __aeabi_d2f
 *(.text.*)
 .text.__late_init
                0x08000d00       0x10 build/obj/crt0.o
                0x08000d00                __late_init
 .text._default_exit
                0x08000d10       0x10 build/obj/crt0.o
                0x08000d10                _default_exit
 .text.ResetHandler
                0x08000d20      0x200 build/obj/crt0.o
                0x08000d20                ResetHandler
 .text._unhandled_exception
                0x08000f20       0x10 build/obj/vectors.o
                0x08000f20                NMIVector
                0x08000f20                Vector11C
                0x08000f20                Vector8C
                0x08000f20                VectorDC
                0x08000f20                Vector168
                0x08000f20                Vector110
                0x08000f20                VectorC8
                0x08000f20                Vector94
                0x08000f20                VectorA8
                0x08000f20                VectorB4
                0x08000f20                Vector160
                0x08000f20                VectorEC
                0x08000f20                UsageFaultVector
                0x08000f20                DebugMonitorVector
                0x08000f20                Vector40
                0x08000f20                VectorF8
                0x08000f20                Vector108
                0x08000f20                VectorBC
                0x08000f20                Vector148
                0x08000f20                PendSVVector
                0x08000f20                Vector118
                0x08000f20                VectorCC
                0x08000f20                Vector54
                0x08000f20                Vector98
                0x08000f20                Vector24
                0x08000f20                Vector178
                0x08000f20                BusFaultVector
                0x08000f20                VectorD0
                0x08000f20                Vector140
                0x08000f20                VectorC0
                0x08000f20                Vector134
                0x08000f20                VectorF0
                0x08000f20                Vector13C
                0x08000f20                Vector100
                0x08000f20                MemManageVector
                0x08000f20                VectorA0
                0x08000f20                VectorC4
                0x08000f20                Vector180
                0x08000f20                Vector90
                0x08000f20                Vector114
                0x08000f20                Vector164
                0x08000f20                Vector1C
                0x08000f20                Vector17C
                0x08000f20                Vector48
                0x08000f20                Vector16C
                0x08000f20                Vector144
                0x08000f20                _unhandled_exception
                0x08000f20                Vector184
                0x08000f20                Vector10C
                0x08000f20                Vector14C
                0x08000f20                Vector50
                0x08000f20                Vector28
                0x08000f20                VectorB8
                0x08000f20                Vector34
                0x08000f20                Vector20
                0x08000f20                Vector174
 .text.port_halt
                0x08000f30       0x10 build/obj/chcore.o
                0x08000f30                port_halt
 .text._port_switch_from_isr
                0x08000f40       0x10 build/obj/chcore_v7m.o
                0x08000f40                _port_switch_from_isr
 .text.SVCallVector
                0x08000f50       0x30 build/obj/chcore_v7m.o
                0x08000f50                SVCallVector
 .text._port_init
                0x08000f80       0x40 build/obj/chcore_v7m.o
                0x08000f80                _port_init
 .text._port_irq_epilogue
                0x08000fc0       0x90 build/obj/chcore_v7m.o
                0x08000fc0                _port_irq_epilogue
 .text.SysTickVector
                0x08001050       0x30 build/obj/chcore_v7m.o
                0x08001050                SysTickVector
 .text._port_switch
                0x08001080       0x20 build/obj/chcore_v7m.o
                0x08001080                _port_switch
 .text._port_thread_start
                0x080010a0       0x20 build/obj/chcore_v7m.o
                0x080010a0                _port_thread_start
 .text.nvicEnableVector
                0x080010c0       0x50 build/obj/nvic.o
                0x080010c0                nvicEnableVector
 .text.nvicSetSystemHandlerPriority
                0x08001110       0x30 build/obj/nvic.o
                0x08001110                nvicSetSystemHandlerPriority
 .text._idle_thread
                0x08001140       0x20 build/obj/chsys.o
                0x08001140                _idle_thread
 .text.chSysInit
                0x08001160       0x80 build/obj/chsys.o
                0x08001160                chSysInit
 .text.chSysTimerHandlerI
                0x080011e0       0x70 build/obj/chsys.o
                0x080011e0                chSysTimerHandlerI
 .text.dbg_check_enable
                0x08001250       0x30 build/obj/chdebug.o
                0x08001250                dbg_check_enable
 .text.dbg_check_lock
                0x08001280       0x30 build/obj/chdebug.o
                0x08001280                dbg_check_lock
 .text.dbg_check_unlock
                0x080012b0       0x40 build/obj/chdebug.o
                0x080012b0                dbg_check_unlock
 .text.dbg_check_lock_from_isr
                0x080012f0       0x30 build/obj/chdebug.o
                0x080012f0                dbg_check_lock_from_isr
 .text.dbg_check_unlock_from_isr
                0x08001320       0x40 build/obj/chdebug.o
                0x08001320                dbg_check_unlock_from_isr
 .text.dbg_check_enter_isr
                0x08001360       0x40 build/obj/chdebug.o
                0x08001360                dbg_check_enter_isr
 .text.dbg_check_leave_isr
                0x080013a0       0x40 build/obj/chdebug.o
                0x080013a0                dbg_check_leave_isr
 .text.chDbgCheckClassI
                0x080013e0       0x30 build/obj/chdebug.o
                0x080013e0                chDbgCheckClassI
 .text.chDbgCheckClassS
                0x08001410       0x30 build/obj/chdebug.o
                0x08001410                chDbgCheckClassS
 .text._trace_init
                0x08001440       0x20 build/obj/chdebug.o
                0x08001440                _trace_init
 .text.dbg_trace
                0x08001460       0x40 build/obj/chdebug.o
                0x08001460                dbg_trace
 .text.chDbgPanic
                0x080014a0       0x10 build/obj/chdebug.o
                0x080014a0                chDbgPanic
 .text._vt_init
                0x080014b0       0x20 build/obj/chvt.o
                0x080014b0                _vt_init
 .text.chVTSetI
                0x080014d0       0x60 build/obj/chvt.o
                0x080014d0                chVTSetI
 .text.chVTResetI
                0x08001530       0x50 build/obj/chvt.o
                0x08001530                chVTResetI
 .text._scheduler_init
                0x08001580       0x20 build/obj/chschd.o
                0x08001580                _scheduler_init
 .text.chSchReadyI
                0x080015a0       0x50 build/obj/chschd.o
                0x080015a0                chSchReadyI
 .text.wakeup   0x080015f0       0x60 build/obj/chschd.o
 .text.chSchGoSleepS
                0x08001650       0x50 build/obj/chschd.o
                0x08001650                chSchGoSleepS
 .text.chSchGoSleepTimeoutS
                0x080016a0       0x50 build/obj/chschd.o
                0x080016a0                chSchGoSleepTimeoutS
 .text.chSchWakeupS
                0x080016f0       0x60 build/obj/chschd.o
                0x080016f0                chSchWakeupS
 .text.chSchDoRescheduleBehind
                0x08001750       0x50 build/obj/chschd.o
                0x08001750                chSchDoRescheduleBehind
 .text.chSchDoRescheduleAhead
                0x080017a0       0x60 build/obj/chschd.o
                0x080017a0                chSchDoRescheduleAhead
 .text.chSchDoReschedule
                0x08001800       0x20 build/obj/chschd.o
                0x08001800                chSchDoReschedule
 .text._thread_init
                0x08001820       0x60 build/obj/chthreads.o
                0x08001820                _thread_init
 .text.chThdCreateI
                0x08001880       0xa0 build/obj/chthreads.o
                0x08001880                chThdCreateI
 .text.chThdCreateStatic
                0x08001920       0xa0 build/obj/chthreads.o
                0x08001920                chThdCreateStatic
 .text.chThdSleep
                0x080019c0       0x30 build/obj/chthreads.o
                0x080019c0                chThdSleep
 .text.chThdExitS
                0x080019f0       0x50 build/obj/chthreads.o
                0x080019f0                chThdExitS
 .text.chThdExit
                0x08001a40       0x20 build/obj/chthreads.o
                0x08001a40                chThdExit
 .text.chMtxInit
                0x08001a60       0x20 build/obj/chmtx.o
                0x08001a60                chMtxInit
 .text.chEvtSignalI
                0x08001a80       0x50 build/obj/chevents.o
                0x08001a80                chEvtSignalI
 .text.chEvtBroadcastFlagsI
                0x08001ad0       0x40 build/obj/chevents.o
                0x08001ad0                chEvtBroadcastFlagsI
 .text.qwait    0x08001b10       0x30 build/obj/chqueues.o
 .text.chIQInit
                0x08001b40       0x20 build/obj/chqueues.o
                0x08001b40                chIQInit
 .text.chIQPutI
                0x08001b60       0x60 build/obj/chqueues.o
                0x08001b60                chIQPutI
 .text.chIQGetTimeout
                0x08001bc0       0x60 build/obj/chqueues.o
                0x08001bc0                chIQGetTimeout
 .text.chIQReadTimeout
                0x08001c20       0xa0 build/obj/chqueues.o
                0x08001c20                chIQReadTimeout
 .text.chOQInit
                0x08001cc0       0x20 build/obj/chqueues.o
                0x08001cc0                chOQInit
 .text.chOQPutTimeout
                0x08001ce0       0x70 build/obj/chqueues.o
                0x08001ce0                chOQPutTimeout
 .text.chOQGetI
                0x08001d50       0x50 build/obj/chqueues.o
                0x08001d50                chOQGetI
 .text.chOQWriteTimeout
                0x08001da0       0xa0 build/obj/chqueues.o
                0x08001da0                chOQWriteTimeout
 .text._core_init
                0x08001e40       0x30 build/obj/chmemcore.o
                0x08001e40                _core_init
 .text.chCoreAllocI
                0x08001e70       0x30 build/obj/chmemcore.o
                0x08001e70                chCoreAllocI
 .text.chCoreAlloc
                0x08001ea0       0x30 build/obj/chmemcore.o
                0x08001ea0                chCoreAlloc
 .text._heap_init
                0x08001ed0       0x20 build/obj/chheap.o
                0x08001ed0                _heap_init
 .text.halInit  0x08001ef0       0x40 build/obj/hal.o
                0x08001ef0                halInit
 .text.adcInit  0x08001f30       0x10 build/obj/adc.o
                0x08001f30                adcInit
 .text.adcObjectInit
                0x08001f40       0x20 build/obj/adc.o
                0x08001f40                adcObjectInit
 .text.extInit  0x08001f60       0x10 build/obj/ext.o
                0x08001f60                extInit
 .text.extObjectInit
                0x08001f70       0x10 build/obj/ext.o
                0x08001f70                extObjectInit
 .text.extStart
                0x08001f80       0x50 build/obj/ext.o
                0x08001f80                extStart
 .text.gptInit  0x08001fd0       0x10 build/obj/gpt.o
                0x08001fd0                gptInit
 .text.gptObjectInit
                0x08001fe0       0x10 build/obj/gpt.o
                0x08001fe0                gptObjectInit
 .text.gptStart
                0x08001ff0       0x50 build/obj/gpt.o
                0x08001ff0                gptStart
 .text.gptStartContinuousI
                0x08002040       0x40 build/obj/gpt.o
                0x08002040                gptStartContinuousI
 .text.gptStartContinuous
                0x08002080       0x30 build/obj/gpt.o
                0x08002080                gptStartContinuous
 .text.icuInit  0x080020b0       0x10 build/obj/icu.o
                0x080020b0                icuInit
 .text.icuObjectInit
                0x080020c0       0x10 build/obj/icu.o
                0x080020c0                icuObjectInit
 .text.mmcsd_get_slice
                0x080020d0       0x60 build/obj/mmcsd.o
 .text.mmcsdGetCapacity
                0x08002130       0x50 build/obj/mmcsd.o
                0x08002130                mmcsdGetCapacity
 .text.rtcInit  0x08002180       0x10 build/obj/rtc.o
                0x08002180                rtcInit
 .text.sdcGetInfo
                0x08002190       0x30 build/obj/sdc.o
                0x08002190                sdcGetInfo
 .text.sdcConnect
                0x080021c0      0x270 build/obj/sdc.o
                0x080021c0                sdcConnect
 .text.sdcSync  0x08002430       0x30 build/obj/sdc.o
                0x08002430                sdcSync
 .text.sdcWrite
                0x08002460       0x60 build/obj/sdc.o
                0x08002460                sdcWrite
 .text.sdcRead  0x080024c0       0x60 build/obj/sdc.o
                0x080024c0                sdcRead
 .text._sdc_wait_for_transfer_state
                0x08002520       0x50 build/obj/sdc.o
                0x08002520                _sdc_wait_for_transfer_state
 .text.sdcDisconnect
                0x08002570       0x80 build/obj/sdc.o
                0x08002570                sdcDisconnect
 .text.sdcInit  0x080025f0       0x10 build/obj/sdc.o
                0x080025f0                sdcInit
 .text.sdcObjectInit
                0x08002600       0x20 build/obj/sdc.o
                0x08002600                sdcObjectInit
 .text.readt    0x08002620       0x10 build/obj/serial.o
 .text.read     0x08002630       0x10 build/obj/serial.o
 .text.writet   0x08002640       0x10 build/obj/serial.o
 .text.write    0x08002650       0x10 build/obj/serial.o
 .text.gett     0x08002660       0x10 build/obj/serial.o
 .text.get      0x08002670       0x10 build/obj/serial.o
 .text.putt     0x08002680       0x10 build/obj/serial.o
 .text.put      0x08002690       0x10 build/obj/serial.o
 .text.sdInit   0x080026a0       0x10 build/obj/serial.o
                0x080026a0                sdInit
 .text.sdObjectInit
                0x080026b0       0x50 build/obj/serial.o
                0x080026b0                sdObjectInit
 .text.sdStart  0x08002700       0x50 build/obj/serial.o
                0x08002700                sdStart
 .text.sdIncomingDataI
                0x08002750       0x50 build/obj/serial.o
                0x08002750                sdIncomingDataI
 .text.spiInit  0x080027a0       0x10 build/obj/spi.o
                0x080027a0                spiInit
 .text.spiObjectInit
                0x080027b0       0x10 build/obj/spi.o
                0x080027b0                spiObjectInit
 .text.spiStart
                0x080027c0       0x50 build/obj/spi.o
                0x080027c0                spiStart
 .text.spiSelect
                0x08002810       0x40 build/obj/spi.o
                0x08002810                spiSelect
 .text.spiUnselect
                0x08002850       0x40 build/obj/spi.o
                0x08002850                spiUnselect
 .text.Vector6C
                0x08002890       0x40 build/obj/stm32_dma.o
                0x08002890                Vector6C
 .text.Vector70
                0x080028d0       0x40 build/obj/stm32_dma.o
                0x080028d0                Vector70
 .text.Vector74
                0x08002910       0x40 build/obj/stm32_dma.o
                0x08002910                Vector74
 .text.Vector78
                0x08002950       0x40 build/obj/stm32_dma.o
                0x08002950                Vector78
 .text.Vector7C
                0x08002990       0x40 build/obj/stm32_dma.o
                0x08002990                Vector7C
 .text.Vector80
                0x080029d0       0x40 build/obj/stm32_dma.o
                0x080029d0                Vector80
 .text.Vector84
                0x08002a10       0x40 build/obj/stm32_dma.o
                0x08002a10                Vector84
 .text.VectorFC
                0x08002a50       0x40 build/obj/stm32_dma.o
                0x08002a50                VectorFC
 .text.Vector120
                0x08002a90       0x40 build/obj/stm32_dma.o
                0x08002a90                Vector120
 .text.Vector124
                0x08002ad0       0x40 build/obj/stm32_dma.o
                0x08002ad0                Vector124
 .text.Vector128
                0x08002b10       0x40 build/obj/stm32_dma.o
                0x08002b10                Vector128
 .text.Vector12C
                0x08002b50       0x40 build/obj/stm32_dma.o
                0x08002b50                Vector12C
 .text.Vector130
                0x08002b90       0x40 build/obj/stm32_dma.o
                0x08002b90                Vector130
 .text.Vector150
                0x08002bd0       0x40 build/obj/stm32_dma.o
                0x08002bd0                Vector150
 .text.Vector154
                0x08002c10       0x40 build/obj/stm32_dma.o
                0x08002c10                Vector154
 .text.Vector158
                0x08002c50       0x40 build/obj/stm32_dma.o
                0x08002c50                Vector158
 .text.dmaInit  0x08002c90      0x140 build/obj/stm32_dma.o
                0x08002c90                dmaInit
 .text.dmaStreamAllocate
                0x08002dd0       0xc0 build/obj/stm32_dma.o
                0x08002dd0                dmaStreamAllocate
 .text.hal_lld_init
                0x08002e90       0xe0 build/obj/hal_lld.o
                0x08002e90                hal_lld_init
 .text.stm32_clock_init
                0x08002f70       0xe0 build/obj/hal_lld.o
                0x08002f70                stm32_clock_init
 .text.adc_lld_init
                0x08003050       0x90 build/obj/adc_lld.o
                0x08003050                adc_lld_init
 .text.adc_lld_stop_conversion
                0x080030e0       0x30 build/obj/adc_lld.o
                0x080030e0                adc_lld_stop_conversion
 .text.Vector88
                0x08003110      0x170 build/obj/adc_lld.o
                0x08003110                Vector88
 .text.Vector58
                0x08003280       0x30 build/obj/ext_lld_isr.o
                0x08003280                Vector58
 .text.Vector5C
                0x080032b0       0x30 build/obj/ext_lld_isr.o
                0x080032b0                Vector5C
 .text.Vector60
                0x080032e0       0x30 build/obj/ext_lld_isr.o
                0x080032e0                Vector60
 .text.Vector64
                0x08003310       0x30 build/obj/ext_lld_isr.o
                0x08003310                Vector64
 .text.Vector68
                0x08003340       0x30 build/obj/ext_lld_isr.o
                0x08003340                Vector68
 .text.Vector9C
                0x08003370       0x80 build/obj/ext_lld_isr.o
                0x08003370                Vector9C
 .text.VectorE0
                0x080033f0       0x90 build/obj/ext_lld_isr.o
                0x080033f0                VectorE0
 .text.Vector44
                0x08003480       0x40 build/obj/ext_lld_isr.o
                0x08003480                Vector44
 .text.VectorE4
                0x080034c0       0x40 build/obj/ext_lld_isr.o
                0x080034c0                VectorE4
 .text.VectorE8
                0x08003500       0x40 build/obj/ext_lld_isr.o
                0x08003500                VectorE8
 .text.Vector138
                0x08003540       0x40 build/obj/ext_lld_isr.o
                0x08003540                Vector138
 .text.Vector170
                0x08003580       0x40 build/obj/ext_lld_isr.o
                0x08003580                Vector170
 .text.Vector4C
                0x080035c0       0x40 build/obj/ext_lld_isr.o
                0x080035c0                Vector4C
 .text.ext_lld_exti_irq_enable
                0x08003600       0x80 build/obj/ext_lld_isr.o
                0x08003600                ext_lld_exti_irq_enable
 .text.ext_lld_init
                0x08003680       0x10 build/obj/ext_lld.o
                0x08003680                ext_lld_init
 .text.ext_lld_channel_enable
                0x08003690       0xc0 build/obj/ext_lld.o
                0x08003690                ext_lld_channel_enable
 .text.ext_lld_channel_disable
                0x08003750       0x30 build/obj/ext_lld.o
                0x08003750                ext_lld_channel_disable
 .text.ext_lld_start
                0x08003780       0x80 build/obj/ext_lld.o
                0x08003780                ext_lld_start
 .text.sdc_lld_collect_errors
                0x08003800       0x40 build/obj/sdc_lld.o
 .text.Vector104
                0x08003840       0x50 build/obj/sdc_lld.o
                0x08003840                Vector104
 .text.sdc_lld_init
                0x08003890       0x30 build/obj/sdc_lld.o
                0x08003890                sdc_lld_init
 .text.sdc_lld_start_clk
                0x080038c0       0x20 build/obj/sdc_lld.o
                0x080038c0                sdc_lld_start_clk
 .text.sdc_lld_set_data_clk
                0x080038e0       0x20 build/obj/sdc_lld.o
                0x080038e0                sdc_lld_set_data_clk
 .text.sdc_lld_stop_clk
                0x08003900       0x10 build/obj/sdc_lld.o
                0x08003900                sdc_lld_stop_clk
 .text.sdc_lld_set_bus_mode
                0x08003910       0x30 build/obj/sdc_lld.o
                0x08003910                sdc_lld_set_bus_mode
 .text.sdc_lld_send_cmd_none
                0x08003940       0x30 build/obj/sdc_lld.o
                0x08003940                sdc_lld_send_cmd_none
 .text.sdc_lld_send_cmd_short
                0x08003970       0x40 build/obj/sdc_lld.o
                0x08003970                sdc_lld_send_cmd_short
 .text.sdc_lld_send_cmd_short_crc
                0x080039b0       0x40 build/obj/sdc_lld.o
                0x080039b0                sdc_lld_send_cmd_short_crc
 .text.sdc_lld_wait_transaction_end
                0x080039f0       0xc0 build/obj/sdc_lld.o
 .text.sdc_lld_error_cleanup
                0x08003ab0       0x80 build/obj/sdc_lld.o
 .text.sdc_lld_send_cmd_long_crc
                0x08003b30       0x50 build/obj/sdc_lld.o
                0x08003b30                sdc_lld_send_cmd_long_crc
 .text.sdc_lld_read_aligned
                0x08003b80       0xd0 build/obj/sdc_lld.o
                0x08003b80                sdc_lld_read_aligned
 .text.sdc_lld_write_aligned
                0x08003c50       0xe0 build/obj/sdc_lld.o
                0x08003c50                sdc_lld_write_aligned
 .text.sdc_lld_read
                0x08003d30       0xd0 build/obj/sdc_lld.o
                0x08003d30                sdc_lld_read
 .text.sdc_lld_write
                0x08003e00       0xd0 build/obj/sdc_lld.o
                0x08003e00                sdc_lld_write
 .text.sdc_lld_sync
                0x08003ed0       0x10 build/obj/sdc_lld.o
                0x08003ed0                sdc_lld_sync
 .text._pal_lld_init
                0x08003ee0      0x1b0 build/obj/pal_lld.o
                0x08003ee0                _pal_lld_init
 .text.rtc_lld_init
                0x08004090       0x50 build/obj/rtc_lld.o
                0x08004090                rtc_lld_init
 .text.rtc_lld_get_time
                0x080040e0       0x40 build/obj/rtc_lld.o
                0x080040e0                rtc_lld_get_time
 .text.spi_lld_serve_tx_interrupt
                0x08004120       0x10 build/obj/spi_lld.o
 .text.spi_lld_serve_rx_interrupt
                0x08004130       0x90 build/obj/spi_lld.o
 .text.spi_lld_init
                0x080041c0       0x80 build/obj/spi_lld.o
                0x080041c0                spi_lld_init
 .text.spi_lld_start
                0x08004240      0x120 build/obj/spi_lld.o
                0x08004240                spi_lld_start
 .text.spi_lld_select
                0x08004360       0x20 build/obj/spi_lld.o
                0x08004360                spi_lld_select
 .text.spi_lld_unselect
                0x08004380       0x20 build/obj/spi_lld.o
                0x08004380                spi_lld_unselect
 .text.spi_lld_polled_exchange
                0x080043a0       0x10 build/obj/spi_lld.o
                0x080043a0                spi_lld_polled_exchange
 .text.gpt_lld_serve_interrupt
                0x080043b0       0x30 build/obj/gpt_lld.o
 .text.VectorB0
                0x080043e0       0x20 build/obj/gpt_lld.o
                0x080043e0                VectorB0
 .text.VectorF4
                0x08004400       0x20 build/obj/gpt_lld.o
                0x08004400                VectorF4
 .text.gpt_lld_init
                0x08004420       0x40 build/obj/gpt_lld.o
                0x08004420                gpt_lld_init
 .text.gpt_lld_start
                0x08004460       0xa0 build/obj/gpt_lld.o
                0x08004460                gpt_lld_start
 .text.gpt_lld_start_timer
                0x08004500       0x20 build/obj/gpt_lld.o
                0x08004500                gpt_lld_start_timer
 .text.icu_lld_serve_interrupt.constprop.0
                0x08004520       0x90 build/obj/icu_lld.o
 .text.VectorA4
                0x080045b0       0x20 build/obj/icu_lld.o
                0x080045b0                VectorA4
 .text.VectorAC
                0x080045d0       0x20 build/obj/icu_lld.o
                0x080045d0                VectorAC
 .text.icu_lld_init
                0x080045f0       0x20 build/obj/icu_lld.o
                0x080045f0                icu_lld_init
 .text.notify1  0x08004610       0x20 build/obj/serial_lld.o
 .text.notify2  0x08004630       0x20 build/obj/serial_lld.o
 .text.notify6  0x08004650       0x20 build/obj/serial_lld.o
 .text.serve_interrupt
                0x08004670      0x160 build/obj/serial_lld.o
 .text.VectorD4
                0x080047d0       0x20 build/obj/serial_lld.o
                0x080047d0                VectorD4
 .text.VectorD8
                0x080047f0       0x20 build/obj/serial_lld.o
                0x080047f0                VectorD8
 .text.Vector15C
                0x08004810       0x20 build/obj/serial_lld.o
                0x08004810                Vector15C
 .text.sd_lld_init
                0x08004830       0x70 build/obj/serial_lld.o
                0x08004830                sd_lld_init
 .text.sd_lld_start
                0x080048a0       0xf0 build/obj/serial_lld.o
                0x080048a0                sd_lld_start
 .text.__early_init
                0x08004990       0x10 build/obj/board.o
                0x08004990                __early_init
 .text.sdc_lld_is_card_inserted
                0x080049a0       0x20 build/obj/board.o
                0x080049a0                sdc_lld_is_card_inserted
 .text.sdc_lld_is_write_protected
                0x080049c0       0x10 build/obj/board.o
                0x080049c0                sdc_lld_is_write_protected
 .text.boardInit
                0x080049d0       0x10 build/obj/board.o
                0x080049d0                boardInit
 .text.long_to_string_with_divisor
                0x080049e0       0x70 build/obj/chprintf.o
 .text.chprintf
                0x08004a50      0x470 build/obj/chprintf.o
                0x08004a50                chprintf
 .text.put      0x08004ec0       0x20 build/obj/memstreams.o
 .text.get      0x08004ee0       0x20 build/obj/memstreams.o
 .text.reads    0x08004f00       0x30 build/obj/memstreams.o
 .text.writes   0x08004f30       0x30 build/obj/memstreams.o
 .text.msObjectInit
                0x08004f60       0x20 build/obj/memstreams.o
                0x08004f60                msObjectInit
 .text.hard_fault_handler_c
                0x08004f80      0x130 build/obj/kb_debug.o
                0x08004f80                hard_fault_handler_c
 .text.gptcb    0x080050b0       0x10 build/obj/kb_time.o
 .text.ltc_store
                0x080050c0      0x1a0 build/obj/kb_time.o
                0x080050c0                ltc_store
 .text.ltc_exti_cb
                0x08005260       0x70 build/obj/kb_time.o
                0x08005260                ltc_exti_cb
 .text.kuroBoxTimeInit
                0x080052d0       0x40 build/obj/kb_time.o
                0x080052d0                kuroBoxTimeInit
 .text.kuroBoxButtonsInit
                0x08005310       0x30 build/obj/kb_buttons.o
                0x08005310                kuroBoxButtonsInit
 .text.btn_0_exti_cb
                0x08005340       0x20 build/obj/kb_buttons.o
                0x08005340                btn_0_exti_cb
 .text.btn_1_exti_cb
                0x08005360       0x20 build/obj/kb_buttons.o
                0x08005360                btn_1_exti_cb
 .text.is_btn_0_pressed
                0x08005380       0x10 build/obj/kb_buttons.o
                0x08005380                is_btn_0_pressed
 .text.thGps    0x08005390       0xf0 build/obj/kb_gps.o
 .text.gps_timepulse_exti_cb
                0x08005480       0x40 build/obj/kb_gps.o
                0x08005480                gps_timepulse_exti_cb
 .text.kuroBoxGPSInit
                0x080054c0       0x40 build/obj/kb_gps.o
                0x080054c0                kuroBoxGPSInit
 .text.calc_checksum_16
                0x08005500       0x70 build/obj/kb_util.o
                0x08005500                calc_checksum_16
 .text.kuroBoxInit
                0x08005570       0xd0 build/obj/main.o
                0x08005570                kuroBoxInit
 .text.st7565_display
                0x08005640      0x190 build/obj/ST7565.o
                0x08005640                st7565_display
 .text.st7565Start
                0x080057d0      0x110 build/obj/ST7565.o
                0x080057d0                st7565Start
 .text.st7565_clear
                0x080058e0       0x50 build/obj/ST7565.o
                0x080058e0                st7565_clear
 .text.st7565_drawchar
                0x08005930       0xb0 build/obj/ST7565.o
                0x08005930                st7565_drawchar
 .text.st7565_drawstring
                0x080059e0       0x50 build/obj/ST7565.o
                0x080059e0                st7565_drawstring
 .text.st7565_setpixel
                0x08005a30       0x90 build/obj/ST7565.o
                0x08005a30                st7565_setpixel
 .text.st7565_drawline
                0x08005ac0      0x200 build/obj/ST7565.o
                0x08005ac0                st7565_drawline
 .text.memcpy   0x08005cc0      0x144 c:/chibistudio/tools/gnu tools arm embedded/4.7 2013q1/bin/../lib/gcc/arm-none-eabi/4.7.3/../../../../arm-none-eabi/lib/armv7e-m\libc.a(lib_a-memcpy.o)
                0x08005cc0                memcpy
 *fill*         0x08005e04        0xc 00
 .text.memset   0x08005e10      0x12c c:/chibistudio/tools/gnu tools arm embedded/4.7 2013q1/bin/../lib/gcc/arm-none-eabi/4.7.3/../../../../arm-none-eabi/lib/armv7e-m\libc.a(lib_a-memset.o)
                0x08005e10                memset
 *(.rodata)
 *(.rodata.*)
 *fill*         0x08005f3c        0x4 00
 .rodata.str1.4
                0x08005f40        0x5 build/obj/chsys.o
                                  0x8 (size before relaxing)
 *fill*         0x08005f45        0xb 00
 .rodata.str1.4
                0x08005f50       0x56 build/obj/chdebug.o
                                 0x58 (size before relaxing)
 *fill*         0x08005fa6        0xa 00
 .rodata.str1.4
                0x08005fb0       0x31 build/obj/chvt.o
                                 0x34 (size before relaxing)
 *fill*         0x08005fe1        0xf 00
 .rodata.str1.4
                0x08005ff0       0x23 build/obj/chschd.o
                                 0x24 (size before relaxing)
 *fill*         0x08006013        0xd 00
 .rodata.str1.4
                0x08006020       0x94 build/obj/chthreads.o
 *fill*         0x080060b4        0xc 00
 .rodata.ch_debug
                0x080060c0       0x18 build/obj/chregistry.o
                0x080060c0                ch_debug
 *fill*         0x080060d8        0x8 00
 .rodata.str1.4
                0x080060e0       0xab build/obj/chmtx.o
                                 0xac (size before relaxing)
 *fill*         0x0800618b        0x5 00
 .rodata.str1.4
                0x08006190       0x90 build/obj/chevents.o
 .rodata.str1.4
                0x08006220       0x29 build/obj/chqueues.o
                                 0x2c (size before relaxing)
 *fill*         0x08006249        0x7 00
 .rodata.str1.4
                0x08006250       0xcd build/obj/ext.o
                                 0xd0 (size before relaxing)
 *fill*         0x0800631d        0x3 00
 .rodata.str1.4
                0x08006320      0x109 build/obj/gpt.o
                                0x10c (size before relaxing)
 *fill*         0x08006429        0x7 00
 .rodata.str1.4
                0x08006430       0x14 build/obj/mmcsd.o
 *fill*         0x08006444        0xc 00
 .rodata.sdc_vmt
                0x08006450       0x20 build/obj/sdc.o
 .rodata.str1.4
                0x08006470      0x137 build/obj/sdc.o
                                0x138 (size before relaxing)
 *fill*         0x080065a7        0x9 00
 .rodata.str1.4
                0x080065b0       0x5f build/obj/serial.o
                                 0x60 (size before relaxing)
 *fill*         0x0800660f        0x1 00
 .rodata.vmt    0x08006610       0x20 build/obj/serial.o
 .rodata.str1.4
                0x08006630      0x236 build/obj/spi.o
                                0x238 (size before relaxing)
 *fill*         0x08006866        0xa 00
 .rodata.str1.4
                0x08006870       0x47 build/obj/stm32_dma.o
                                 0x48 (size before relaxing)
 *fill*         0x080068b7        0x9 00
 .rodata._stm32_dma_streams
                0x080068c0       0xc0 build/obj/stm32_dma.o
                0x080068c0                _stm32_dma_streams
 .rodata.str1.4
                0x08006980       0x7d build/obj/sdc_lld.o
                                 0x80 (size before relaxing)
 *fill*         0x080069fd        0x3 00
 .rodata.str1.4
                0x08006a00       0x50 build/obj/spi_lld.o
 .rodata.str1.4
                0x08006a50       0x14 build/obj/gpt_lld.o
 *fill*         0x08006a64        0xc 00
 .rodata.default_config
                0x08006a70        0xc build/obj/serial_lld.o
 *fill*         0x08006a7c        0x4 00
 .rodata.pal_default_config
                0x08006a80       0xfc build/obj/board.o
                0x08006a80                pal_default_config
 *fill*         0x08006b7c        0x4 00
 .rodata.str1.4
                0x08006b80        0x7 build/obj/chprintf.o
                                  0x8 (size before relaxing)
 *fill*         0x08006b87        0x9 00
 .rodata.vmt    0x08006b90       0x10 build/obj/memstreams.o
 .rodata.str1.4
                0x08006ba0      0x114 build/obj/kb_debug.o
 *fill*         0x08006cb4        0xc 00
 .rodata.gptcfg
                0x08006cc0        0xc build/obj/kb_time.o
 *fill*         0x08006ccc        0x4 00
 .rodata.str1.4
                0x08006cd0        0x4 build/obj/kb_gps.o
 *fill*         0x08006cd4        0xc 00
 .rodata.ST7565font
                0x08006ce0      0x4fc build/obj/glcdfont.o
                0x08006ce0                ST7565font
 *fill*         0x080071dc        0x4 00
 .rodata.str1.4
                0x080071e0       0x7c build/obj/main.o
 *fill*         0x0800725c        0x4 00
 .rodata.extcfg
                0x08007260       0xb8 build/obj/main.o
 *fill*         0x08007318        0x8 00
 .rodata.lcd_cfg
                0x08007320       0x1c build/obj/main.o
 *fill*         0x0800733c        0x4 00
 .rodata.st7565_nanibox
                0x08007340      0x200 build/obj/ST7565.o
 .rodata.pagemap
                0x08007540        0x4 build/obj/ST7565.o
 *(.glue_7t)
 .glue_7t       0x00000000        0x0 linker stubs
 *(.glue_7)
 .glue_7        0x00000000        0x0 linker stubs
 *(.gcc*)

.vfp11_veneer   0x08007544        0x0
 .vfp11_veneer  0x00000000        0x0 linker stubs

.v4_bx          0x08007544        0x0
 .v4_bx         0x00000000        0x0 linker stubs

.iplt           0x08007544        0x0
 .iplt          0x00000000        0x0 build/obj/kb_debug_asm.o

.rel.dyn        0x08007544        0x0
 .rel.iplt      0x00000000        0x0 build/obj/kb_debug_asm.o

.ARM.extab
 *(.ARM.extab* .gnu.linkonce.armextab.*)

.ARM.exidx      0x08007544        0x0
                0x08007544                PROVIDE (__exidx_start, .)
 *(.ARM.exidx* .gnu.linkonce.armexidx.*)
                0x08007544                PROVIDE (__exidx_end, .)

.eh_frame_hdr
 *(.eh_frame_hdr)

.eh_frame
 *(.eh_frame)

.textalign      0x08007544        0x4
                0x08007548                . = ALIGN (0x8)
 *fill*         0x08007544        0x4 00
                0x08007548                . = ALIGN (0x4)
                0x08007548                _etext = .
                0x08007548                _textdata = _etext

.stacks         0x20000000      0x800
                0x20000000                . = ALIGN (0x8)
                0x20000000                __main_stack_base__ = .
                0x20000400                . = (. + __main_stack_size__)
 *fill*         0x20000000      0x400 00
                0x20000400                . = ALIGN (0x8)
                0x20000400                __main_stack_end__ = .
                0x20000400                __process_stack_base__ = .
                0x20000400                __main_thread_stack_base__ = .
                0x20000800                . = (. + __process_stack_size__)
 *fill*         0x20000400      0x400 00
                0x20000800                . = ALIGN (0x8)
                0x20000800                __process_stack_end__ = .
                0x20000800                __main_thread_stack_end__ = .

.data           0x20000800       0x24 load address 0x08007548
                0x20000800                . = ALIGN (0x4)
                0x20000800                PROVIDE (_data, .)
 *(.data)
                0x20000800                . = ALIGN (0x4)
 *(.data.*)
 .data.gps_cfg  0x20000800        0xc build/obj/kb_gps.o
 .data.serial1_cfg
                0x2000080c        0xc build/obj/main.o
 .data.serial2_cfg
                0x20000818        0xc build/obj/main.o
                0x20000824                . = ALIGN (0x4)
 *(.ramtext)
                0x20000824                . = ALIGN (0x4)
                0x20000824                PROVIDE (_edata, .)

.igot.plt       0x20000824        0x0 load address 0x0800756c
 .igot.plt      0x00000000        0x0 build/obj/kb_debug_asm.o

.bss            0x20000828     0x1180 load address 0x0800756c
                0x20000828                . = ALIGN (0x4)
                0x20000828                PROVIDE (_bss_start, .)
 *(.bss)
                0x20000828                . = ALIGN (0x4)
 *(.bss.*)
 .bss.mainthread.4858
                0x20000828       0x4c build/obj/chsys.o
 *fill*         0x20000874        0x4 00
 .bss._idle_thread_wa
                0x20000878      0x158 build/obj/chsys.o
                0x20000878                _idle_thread_wa
 .bss.dbg_isr_cnt
                0x200009d0        0x4 build/obj/chdebug.o
                0x200009d0                dbg_isr_cnt
 .bss.dbg_trace_buffer
                0x200009d4      0x408 build/obj/chdebug.o
                0x200009d4                dbg_trace_buffer
 .bss.dbg_lock_cnt
                0x20000ddc        0x4 build/obj/chdebug.o
                0x20000ddc                dbg_lock_cnt
 .bss.dbg_panic_msg
                0x20000de0        0x4 build/obj/chdebug.o
                0x20000de0                dbg_panic_msg
 .bss.vtlist    0x20000de4       0x10 build/obj/chvt.o
                0x20000de4                vtlist
 .bss.rlist     0x20000df4       0x1c build/obj/chschd.o
                0x20000df4                rlist
 .bss.endmem    0x20000e10        0x4 build/obj/chmemcore.o
 .bss.nextmem   0x20000e14        0x4 build/obj/chmemcore.o
 .bss.default_heap
                0x20000e18       0x20 build/obj/chheap.o
 .bss.dma_isr_redir
                0x20000e38       0x80 build/obj/stm32_dma.o
 .bss.dma_streams_mask
                0x20000eb8        0x4 build/obj/stm32_dma.o
 .bss.ADCD1     0x20000ebc       0x34 build/obj/adc_lld.o
                0x20000ebc                ADCD1
 .bss.ADCD2     0x20000ef0       0x34 build/obj/adc_lld.o
                0x20000ef0                ADCD2
 .bss.ADCD3     0x20000f24       0x34 build/obj/adc_lld.o
                0x20000f24                ADCD3
 .bss.EXTD1     0x20000f58        0x8 build/obj/ext_lld.o
                0x20000f58                EXTD1
 .bss.SDCD1     0x20000f60       0x4c build/obj/sdc_lld.o
                0x20000f60                SDCD1
 .bss.u         0x20000fac      0x200 build/obj/sdc_lld.o
 .bss.RTCD1     0x200011ac        0x4 build/obj/rtc_lld.o
                0x200011ac                RTCD1
 .bss.dummytx   0x200011b0        0x2 build/obj/spi_lld.o
 *fill*         0x200011b2        0x2 00
 .bss.SPID1     0x200011b4       0x30 build/obj/spi_lld.o
                0x200011b4                SPID1
 .bss.SPID2     0x200011e4       0x30 build/obj/spi_lld.o
                0x200011e4                SPID2
 .bss.GPTD2     0x20001214       0x10 build/obj/gpt_lld.o
                0x20001214                GPTD2
 .bss.GPTD14    0x20001224       0x10 build/obj/gpt_lld.o
                0x20001224                GPTD14
 .bss.ICUD1     0x20001234       0x18 build/obj/icu_lld.o
                0x20001234                ICUD1
 .bss.SD1       0x2000124c       0xd8 build/obj/serial_lld.o
                0x2000124c                SD1
 .bss.SD2       0x20001324       0xd8 build/obj/serial_lld.o
                0x20001324                SD2
 .bss.SD6       0x200013fc       0xd8 build/obj/serial_lld.o
                0x200013fc                SD6
 .bss.real_seconds
                0x200014d4        0x4 build/obj/kb_time.o
                0x200014d4                real_seconds
 .bss.was_last_edge_short
                0x200014d8        0x1 build/obj/kb_time.o
 *fill*         0x200014d9        0x3 00
 .bss.ltc_frame
                0x200014dc        0xc build/obj/kb_time.o
 .bss.ltc_timecode
                0x200014e8        0x4 build/obj/kb_time.o
                0x200014e8                ltc_timecode
 .bss.ltc_frame_counter
                0x200014ec        0x4 build/obj/kb_time.o
                0x200014ec                ltc_frame_counter
 .bss.last_second
                0x200014f0        0x4 build/obj/kb_time.o
                0x200014f0                last_second
 .bss.last_edge_time
                0x200014f4        0x4 build/obj/kb_time.o
 .bss.last_minute
                0x200014f8        0x4 build/obj/kb_time.o
                0x200014f8                last_minute
 .bss.btn_1_state
                0x200014fc        0x1 build/obj/kb_buttons.o
 .bss.btn_0_state
                0x200014fd        0x1 build/obj/kb_buttons.o
 *fill*         0x200014fe        0x2 00
 .bss.waGps     0x20001500      0x1b8 build/obj/kb_gps.o
 .bss.gps_pps_lastCount
                0x200016b8        0x4 build/obj/kb_gps.o
                0x200016b8                gps_pps_lastCount
 .bss.ubx_nav_sol_idx
                0x200016bc        0x1 build/obj/kb_gps.o
                0x200016bc                ubx_nav_sol_idx
 *fill*         0x200016bd        0x3 00
 .bss.gps_pps_diffCount
                0x200016c0        0x4 build/obj/kb_gps.o
                0x200016c0                gps_pps_diffCount
 .bss.ubx_nav_sol_buffer
                0x200016c4       0x3c build/obj/kb_gps.o
                0x200016c4                ubx_nav_sol_buffer
 .bss.gps_pps   0x20001700        0x4 build/obj/kb_gps.o
                0x20001700                gps_pps
 .bss.msb.7748  0x20001704       0x14 build/obj/main.o
 .bss.charbuf.7747
                0x20001718       0x80 build/obj/main.o
 .bss.lcd_buffer
                0x20001798      0x200 build/obj/main.o
 .bss.ST7565D1  0x20001998        0xc build/obj/ST7565.o
                0x20001998                ST7565D1
 .bss.xUpdateMin
                0x200019a4        0x1 build/obj/ST7565.o
 .bss.xUpdateMax
                0x200019a5        0x1 build/obj/ST7565.o
 .bss.yUpdateMin
                0x200019a6        0x1 build/obj/ST7565.o
 .bss.yUpdateMax
                0x200019a7        0x1 build/obj/ST7565.o
                0x200019a8                . = ALIGN (0x4)
 *(COMMON)
                0x200019a8                . = ALIGN (0x4)
                0x200019a8                PROVIDE (_bss_end, .)
                0x200019a8                PROVIDE (end, .)
                0x200019a8                _end = .
                0x200019a8                __heap_base__ = _end
                0x2001c000                __heap_end__ = __ram_end__
OUTPUT(build/kuroBox_TimeTest.elf elf32-littlearm)

.ARM.attributes
                0x00000000       0x35
 .ARM.attributes
                0x00000000       0x21 build/obj/kb_debug_asm.o
 .ARM.attributes
                0x00000021       0x39 build/obj/crt0.o
 .ARM.attributes
                0x0000005a       0x39 build/obj/vectors.o
 .ARM.attributes
                0x00000093       0x39 build/obj/chcore.o
 .ARM.attributes
                0x000000cc       0x39 build/obj/chcore_v7m.o
 .ARM.attributes
                0x00000105       0x39 build/obj/nvic.o
 .ARM.attributes
                0x0000013e       0x39 build/obj/chsys.o
 .ARM.attributes
                0x00000177       0x39 build/obj/chdebug.o
 .ARM.attributes
                0x000001b0       0x39 build/obj/chvt.o
 .ARM.attributes
                0x000001e9       0x39 build/obj/chschd.o
 .ARM.attributes
                0x00000222       0x39 build/obj/chthreads.o
 .ARM.attributes
                0x0000025b       0x39 build/obj/chregistry.o
 .ARM.attributes
                0x00000294       0x39 build/obj/chmtx.o
 .ARM.attributes
                0x000002cd       0x39 build/obj/chevents.o
 .ARM.attributes
                0x00000306       0x39 build/obj/chqueues.o
 .ARM.attributes
                0x0000033f       0x39 build/obj/chmemcore.o
 .ARM.attributes
                0x00000378       0x39 build/obj/chheap.o
 .ARM.attributes
                0x000003b1       0x39 build/obj/hal.o
 .ARM.attributes
                0x000003ea       0x39 build/obj/adc.o
 .ARM.attributes
                0x00000423       0x39 build/obj/ext.o
 .ARM.attributes
                0x0000045c       0x39 build/obj/gpt.o
 .ARM.attributes
                0x00000495       0x39 build/obj/icu.o
 .ARM.attributes
                0x000004ce       0x39 build/obj/mmcsd.o
 .ARM.attributes
                0x00000507       0x39 build/obj/rtc.o
 .ARM.attributes
                0x00000540       0x39 build/obj/sdc.o
 .ARM.attributes
                0x00000579       0x39 build/obj/serial.o
 .ARM.attributes
                0x000005b2       0x39 build/obj/spi.o
 .ARM.attributes
                0x000005eb       0x39 build/obj/stm32_dma.o
 .ARM.attributes
                0x00000624       0x39 build/obj/hal_lld.o
 .ARM.attributes
                0x0000065d       0x39 build/obj/adc_lld.o
 .ARM.attributes
                0x00000696       0x39 build/obj/ext_lld_isr.o
 .ARM.attributes
                0x000006cf       0x39 build/obj/ext_lld.o
 .ARM.attributes
                0x00000708       0x39 build/obj/sdc_lld.o
 .ARM.attributes
                0x00000741       0x39 build/obj/pal_lld.o
 .ARM.attributes
                0x0000077a       0x39 build/obj/rtc_lld.o
 .ARM.attributes
                0x000007b3       0x39 build/obj/spi_lld.o
 .ARM.attributes
                0x000007ec       0x39 build/obj/gpt_lld.o
 .ARM.attributes
                0x00000825       0x39 build/obj/icu_lld.o
 .ARM.attributes
                0x0000085e       0x39 build/obj/serial_lld.o
 .ARM.attributes
                0x00000897       0x39 build/obj/board.o
 .ARM.attributes
                0x000008d0       0x39 build/obj/chprintf.o
 .ARM.attributes
                0x00000909       0x39 build/obj/memstreams.o
 .ARM.attributes
                0x00000942       0x39 build/obj/kb_debug.o
 .ARM.attributes
                0x0000097b       0x39 build/obj/kb_time.o
 .ARM.attributes
                0x000009b4       0x39 build/obj/kb_buttons.o
 .ARM.attributes
                0x000009ed       0x39 build/obj/kb_gps.o
 .ARM.attributes
                0x00000a26       0x39 build/obj/kb_util.o
 .ARM.attributes
                0x00000a5f       0x39 build/obj/glcdfont.o
 .ARM.attributes
                0x00000a98       0x39 build/obj/main.o
 .ARM.attributes
                0x00000ad1       0x39 build/obj/ST7565.o
 .ARM.attributes
                0x00000b0a       0x1e c:/chibistudio/tools/gnu tools arm embedded/4.7 2013q1/bin/../lib/gcc/arm-none-eabi/4.7.3/armv7e-m\libgcc.a(_arm_addsubdf3.o)
 .ARM.attributes
                0x00000b28       0x1e c:/chibistudio/tools/gnu tools arm embedded/4.7 2013q1/bin/../lib/gcc/arm-none-eabi/4.7.3/armv7e-m\libgcc.a(_arm_muldivdf3.o)
 .ARM.attributes
                0x00000b46       0x1e c:/chibistudio/tools/gnu tools arm embedded/4.7 2013q1/bin/../lib/gcc/arm-none-eabi/4.7.3/armv7e-m\libgcc.a(_arm_fixdfsi.o)
 .ARM.attributes
                0x00000b64       0x1e c:/chibistudio/tools/gnu tools arm embedded/4.7 2013q1/bin/../lib/gcc/arm-none-eabi/4.7.3/armv7e-m\libgcc.a(_arm_truncdfsf2.o)
 .ARM.attributes
                0x00000b82       0x2e c:/chibistudio/tools/gnu tools arm embedded/4.7 2013q1/bin/../lib/gcc/arm-none-eabi/4.7.3/../../../../arm-none-eabi/lib/armv7e-m\libc.a(lib_a-memcpy.o)
 .ARM.attributes
                0x00000bb0       0x2e c:/chibistudio/tools/gnu tools arm embedded/4.7 2013q1/bin/../lib/gcc/arm-none-eabi/4.7.3/../../../../arm-none-eabi/lib/armv7e-m\libc.a(lib_a-memset.o)

.comment        0x00000000       0x70
 .comment       0x00000000       0x70 build/obj/crt0.o
                                 0x71 (size before relaxing)
 .comment       0x00000000       0x71 build/obj/vectors.o
 .comment       0x00000000       0x71 build/obj/chcore.o
 .comment       0x00000000       0x71 build/obj/chcore_v7m.o
 .comment       0x00000000       0x71 build/obj/nvic.o
 .comment       0x00000000       0x71 build/obj/chsys.o
 .comment       0x00000000       0x71 build/obj/chdebug.o
 .comment       0x00000000       0x71 build/obj/chvt.o
 .comment       0x00000000       0x71 build/obj/chschd.o
 .comment       0x00000000       0x71 build/obj/chthreads.o
 .comment       0x00000000       0x71 build/obj/chregistry.o
 .comment       0x00000000       0x71 build/obj/chmtx.o
 .comment       0x00000000       0x71 build/obj/chevents.o
 .comment       0x00000000       0x71 build/obj/chqueues.o
 .comment       0x00000000       0x71 build/obj/chmemcore.o
 .comment       0x00000000       0x71 build/obj/chheap.o
 .comment       0x00000000       0x71 build/obj/hal.o
 .comment       0x00000000       0x71 build/obj/adc.o
 .comment       0x00000000       0x71 build/obj/ext.o
 .comment       0x00000000       0x71 build/obj/gpt.o
 .comment       0x00000000       0x71 build/obj/icu.o
 .comment       0x00000000       0x71 build/obj/mmcsd.o
 .comment       0x00000000       0x71 build/obj/rtc.o
 .comment       0x00000000       0x71 build/obj/sdc.o
 .comment       0x00000000       0x71 build/obj/serial.o
 .comment       0x00000000       0x71 build/obj/spi.o
 .comment       0x00000000       0x71 build/obj/stm32_dma.o
 .comment       0x00000000       0x71 build/obj/hal_lld.o
 .comment       0x00000000       0x71 build/obj/adc_lld.o
 .comment       0x00000000       0x71 build/obj/ext_lld_isr.o
 .comment       0x00000000       0x71 build/obj/ext_lld.o
 .comment       0x00000000       0x71 build/obj/sdc_lld.o
 .comment       0x00000000       0x71 build/obj/pal_lld.o
 .comment       0x00000000       0x71 build/obj/rtc_lld.o
 .comment       0x00000000       0x71 build/obj/spi_lld.o
 .comment       0x00000000       0x71 build/obj/gpt_lld.o
 .comment       0x00000000       0x71 build/obj/icu_lld.o
 .comment       0x00000000       0x71 build/obj/serial_lld.o
 .comment       0x00000000       0x71 build/obj/board.o
 .comment       0x00000000       0x71 build/obj/chprintf.o
 .comment       0x00000000       0x71 build/obj/memstreams.o
 .comment       0x00000000       0x71 build/obj/kb_debug.o
 .comment       0x00000000       0x71 build/obj/kb_time.o
 .comment       0x00000000       0x71 build/obj/kb_buttons.o
 .comment       0x00000000       0x71 build/obj/kb_gps.o
 .comment       0x00000000       0x71 build/obj/kb_util.o
 .comment       0x00000000       0x71 build/obj/glcdfont.o
 .comment       0x00000000       0x71 build/obj/main.o
 .comment       0x00000000       0x71 build/obj/ST7565.o

.debug_frame    0x00000000       0x5c
 .debug_frame   0x00000000       0x30 c:/chibistudio/tools/gnu tools arm embedded/4.7 2013q1/bin/../lib/gcc/arm-none-eabi/4.7.3/../../../../arm-none-eabi/lib/armv7e-m\libc.a(lib_a-memcpy.o)
 .debug_frame   0x00000030       0x2c c:/chibistudio/tools/gnu tools arm embedded/4.7 2013q1/bin/../lib/gcc/arm-none-eabi/4.7.3/../../../../arm-none-eabi/lib/armv7e-m\libc.a(lib_a-memset.o)

Cross Reference Table

Symbol                                            File
ADCD1                                             build/obj/adc_lld.o
ADCD2                                             build/obj/adc_lld.o
ADCD3                                             build/obj/adc_lld.o
BusFaultVector                                    build/obj/vectors.o
DebugMonitorVector                                build/obj/vectors.o
EXTD1                                             build/obj/ext_lld.o
                                                  build/obj/main.o
                                                  build/obj/ext_lld_isr.o
GPTD14                                            build/obj/gpt_lld.o
GPTD2                                             build/obj/gpt_lld.o
                                                  build/obj/kb_time.o
HardFaultVector                                   build/obj/kb_debug_asm.o
ICUD1                                             build/obj/icu_lld.o
MemManageVector                                   build/obj/vectors.o
NMIVector                                         build/obj/vectors.o
PendSVVector                                      build/obj/vectors.o
RTCD1                                             build/obj/rtc_lld.o
                                                  build/obj/main.o
ResetHandler                                      build/obj/crt0.o
                                                  build/obj/vectors.o
SD1                                               build/obj/serial_lld.o
                                                  build/obj/main.o
                                                  build/obj/kb_debug.o
SD2                                               build/obj/serial_lld.o
                                                  build/obj/main.o
SD6                                               build/obj/serial_lld.o
                                                  build/obj/kb_gps.o
SDCD1                                             build/obj/sdc_lld.o
SPID1                                             build/obj/spi_lld.o
                                                  build/obj/main.o
SPID2                                             build/obj/spi_lld.o
ST7565D1                                          build/obj/ST7565.o
                                                  build/obj/main.o
ST7565font                                        build/obj/glcdfont.o
                                                  build/obj/ST7565.o
SVCallVector                                      build/obj/chcore_v7m.o
                                                  build/obj/vectors.o
SysTickVector                                     build/obj/chcore_v7m.o
                                                  build/obj/vectors.o
TAMPER_STAMP_IRQHandler                           build/obj/ext_lld_isr.o
UsageFaultVector                                  build/obj/vectors.o
Vector100                                         build/obj/vectors.o
Vector104                                         build/obj/sdc_lld.o
                                                  build/obj/vectors.o
Vector108                                         build/obj/vectors.o
Vector10C                                         build/obj/vectors.o
Vector110                                         build/obj/vectors.o
Vector114                                         build/obj/vectors.o
Vector118                                         build/obj/vectors.o
Vector11C                                         build/obj/vectors.o
Vector120                                         build/obj/stm32_dma.o
                                                  build/obj/vectors.o
Vector124                                         build/obj/stm32_dma.o
                                                  build/obj/vectors.o
Vector128                                         build/obj/stm32_dma.o
                                                  build/obj/vectors.o
Vector12C                                         build/obj/stm32_dma.o
                                                  build/obj/vectors.o
Vector130                                         build/obj/stm32_dma.o
                                                  build/obj/vectors.o
Vector134                                         build/obj/vectors.o
Vector138                                         build/obj/ext_lld_isr.o
                                                  build/obj/vectors.o
Vector13C                                         build/obj/vectors.o
Vector140                                         build/obj/vectors.o
Vector144                                         build/obj/vectors.o
Vector148                                         build/obj/vectors.o
Vector14C                                         build/obj/vectors.o
Vector150                                         build/obj/stm32_dma.o
                                                  build/obj/vectors.o
Vector154                                         build/obj/stm32_dma.o
                                                  build/obj/vectors.o
Vector158                                         build/obj/stm32_dma.o
                                                  build/obj/vectors.o
Vector15C                                         build/obj/serial_lld.o
                                                  build/obj/vectors.o
Vector160                                         build/obj/vectors.o
Vector164                                         build/obj/vectors.o
Vector168                                         build/obj/vectors.o
Vector16C                                         build/obj/vectors.o
Vector170                                         build/obj/ext_lld_isr.o
                                                  build/obj/vectors.o
Vector174                                         build/obj/vectors.o
Vector178                                         build/obj/vectors.o
Vector17C                                         build/obj/vectors.o
Vector180                                         build/obj/vectors.o
Vector184                                         build/obj/vectors.o
Vector1C                                          build/obj/vectors.o
Vector20                                          build/obj/vectors.o
Vector24                                          build/obj/vectors.o
Vector28                                          build/obj/vectors.o
Vector34                                          build/obj/vectors.o
Vector40                                          build/obj/vectors.o
Vector44                                          build/obj/ext_lld_isr.o
                                                  build/obj/vectors.o
Vector48                                          build/obj/vectors.o
Vector4C                                          build/obj/ext_lld_isr.o
                                                  build/obj/vectors.o
Vector50                                          build/obj/vectors.o
Vector54                                          build/obj/vectors.o
Vector58                                          build/obj/ext_lld_isr.o
                                                  build/obj/vectors.o
Vector5C                                          build/obj/ext_lld_isr.o
                                                  build/obj/vectors.o
Vector60                                          build/obj/ext_lld_isr.o
                                                  build/obj/vectors.o
Vector64                                          build/obj/ext_lld_isr.o
                                                  build/obj/vectors.o
Vector68                                          build/obj/ext_lld_isr.o
                                                  build/obj/vectors.o
Vector6C                                          build/obj/stm32_dma.o
                                                  build/obj/vectors.o
Vector70                                          build/obj/stm32_dma.o
                                                  build/obj/vectors.o
Vector74                                          build/obj/stm32_dma.o
                                                  build/obj/vectors.o
Vector78                                          build/obj/stm32_dma.o
                                                  build/obj/vectors.o
Vector7C                                          build/obj/stm32_dma.o
                                                  build/obj/vectors.o
Vector80                                          build/obj/stm32_dma.o
                                                  build/obj/vectors.o
Vector84                                          build/obj/stm32_dma.o
                                                  build/obj/vectors.o
Vector88                                          build/obj/adc_lld.o
                                                  build/obj/vectors.o
Vector8C                                          build/obj/vectors.o
Vector90                                          build/obj/vectors.o
Vector94                                          build/obj/vectors.o
Vector98                                          build/obj/vectors.o
Vector9C                                          build/obj/ext_lld_isr.o
                                                  build/obj/vectors.o
VectorA0                                          build/obj/vectors.o
VectorA4                                          build/obj/icu_lld.o
                                                  build/obj/vectors.o
VectorA8                                          build/obj/vectors.o
VectorAC                                          build/obj/icu_lld.o
                                                  build/obj/vectors.o
VectorB0                                          build/obj/gpt_lld.o
                                                  build/obj/vectors.o
VectorB4                                          build/obj/vectors.o
VectorB8                                          build/obj/vectors.o
VectorBC                                          build/obj/vectors.o
VectorC0                                          build/obj/vectors.o
VectorC4                                          build/obj/vectors.o
VectorC8                                          build/obj/vectors.o
VectorCC                                          build/obj/vectors.o
VectorD0                                          build/obj/vectors.o
VectorD4                                          build/obj/serial_lld.o
                                                  build/obj/vectors.o
VectorD8                                          build/obj/serial_lld.o
                                                  build/obj/vectors.o
VectorDC                                          build/obj/vectors.o
VectorE0                                          build/obj/ext_lld_isr.o
                                                  build/obj/vectors.o
VectorE4                                          build/obj/ext_lld_isr.o
                                                  build/obj/vectors.o
VectorE8                                          build/obj/ext_lld_isr.o
                                                  build/obj/vectors.o
VectorEC                                          build/obj/vectors.o
VectorF0                                          build/obj/vectors.o
VectorF4                                          build/obj/gpt_lld.o
                                                  build/obj/vectors.o
VectorF8                                          build/obj/vectors.o
VectorFC                                          build/obj/stm32_dma.o
                                                  build/obj/vectors.o
__adddf3                                          c:/chibistudio/tools/gnu tools arm embedded/4.7 2013q1/bin/../lib/gcc/arm-none-eabi/4.7.3/armv7e-m\libgcc.a(_arm_addsubdf3.o)
__aeabi_cdcmpeq                                   c:/chibistudio/tools/gnu tools arm embedded/4.7 2013q1/bin/../lib/gcc/arm-none-eabi/4.7.3/armv7e-m\libgcc.a(_arm_cmpdf2.o)
__aeabi_cdcmple                                   c:/chibistudio/tools/gnu tools arm embedded/4.7 2013q1/bin/../lib/gcc/arm-none-eabi/4.7.3/armv7e-m\libgcc.a(_arm_cmpdf2.o)
__aeabi_cdrcmple                                  c:/chibistudio/tools/gnu tools arm embedded/4.7 2013q1/bin/../lib/gcc/arm-none-eabi/4.7.3/armv7e-m\libgcc.a(_arm_cmpdf2.o)
__aeabi_d2f                                       c:/chibistudio/tools/gnu tools arm embedded/4.7 2013q1/bin/../lib/gcc/arm-none-eabi/4.7.3/armv7e-m\libgcc.a(_arm_truncdfsf2.o)
                                                  build/obj/kb_gps.o
                                                  build/obj/chprintf.o
__aeabi_d2iz                                      c:/chibistudio/tools/gnu tools arm embedded/4.7 2013q1/bin/../lib/gcc/arm-none-eabi/4.7.3/armv7e-m\libgcc.a(_arm_fixdfsi.o)
                                                  c:/chibistudio/tools/gnu tools arm embedded/4.7 2013q1/bin/../lib/gcc/arm-none-eabi/4.7.3/../../../../arm-none-eabi/lib/armv7e-m\libm.a(lib_a-k_sin.o)
                                                  c:/chibistudio/tools/gnu tools arm embedded/4.7 2013q1/bin/../lib/gcc/arm-none-eabi/4.7.3/../../../../arm-none-eabi/lib/armv7e-m\libm.a(lib_a-k_rem_pio2.o)
                                                  c:/chibistudio/tools/gnu tools arm embedded/4.7 2013q1/bin/../lib/gcc/arm-none-eabi/4.7.3/../../../../arm-none-eabi/lib/armv7e-m\libm.a(lib_a-k_cos.o)
                                                  c:/chibistudio/tools/gnu tools arm embedded/4.7 2013q1/bin/../lib/gcc/arm-none-eabi/4.7.3/../../../../arm-none-eabi/lib/armv7e-m\libm.a(lib_a-e_rem_pio2.o)
                                                  build/obj/chprintf.o
__aeabi_dadd                                      c:/chibistudio/tools/gnu tools arm embedded/4.7 2013q1/bin/../lib/gcc/arm-none-eabi/4.7.3/armv7e-m\libgcc.a(_arm_addsubdf3.o)
                                                  c:/chibistudio/tools/gnu tools arm embedded/4.7 2013q1/bin/../lib/gcc/arm-none-eabi/4.7.3/../../../../arm-none-eabi/lib/armv7e-m\libm.a(lib_a-s_scalbn.o)
                                                  c:/chibistudio/tools/gnu tools arm embedded/4.7 2013q1/bin/../lib/gcc/arm-none-eabi/4.7.3/../../../../arm-none-eabi/lib/armv7e-m\libm.a(lib_a-s_rint.o)
                                                  c:/chibistudio/tools/gnu tools arm embedded/4.7 2013q1/bin/../lib/gcc/arm-none-eabi/4.7.3/../../../../arm-none-eabi/lib/armv7e-m\libm.a(lib_a-s_floor.o)
                                                  c:/chibistudio/tools/gnu tools arm embedded/4.7 2013q1/bin/../lib/gcc/arm-none-eabi/4.7.3/../../../../arm-none-eabi/lib/armv7e-m\libm.a(lib_a-s_atan.o)
                                                  c:/chibistudio/tools/gnu tools arm embedded/4.7 2013q1/bin/../lib/gcc/arm-none-eabi/4.7.3/../../../../arm-none-eabi/lib/armv7e-m\libm.a(lib_a-k_sin.o)
                                                  c:/chibistudio/tools/gnu tools arm embedded/4.7 2013q1/bin/../lib/gcc/arm-none-eabi/4.7.3/../../../../arm-none-eabi/lib/armv7e-m\libm.a(lib_a-k_rem_pio2.o)
                                                  c:/chibistudio/tools/gnu tools arm embedded/4.7 2013q1/bin/../lib/gcc/arm-none-eabi/4.7.3/../../../../arm-none-eabi/lib/armv7e-m\libm.a(lib_a-k_cos.o)
                                                  c:/chibistudio/tools/gnu tools arm embedded/4.7 2013q1/bin/../lib/gcc/arm-none-eabi/4.7.3/../../../../arm-none-eabi/lib/armv7e-m\libm.a(lib_a-e_sqrt.o)
                                                  c:/chibistudio/tools/gnu tools arm embedded/4.7 2013q1/bin/../lib/gcc/arm-none-eabi/4.7.3/../../../../arm-none-eabi/lib/armv7e-m\libm.a(lib_a-e_rem_pio2.o)
                                                  c:/chibistudio/tools/gnu tools arm embedded/4.7 2013q1/bin/../lib/gcc/arm-none-eabi/4.7.3/../../../../arm-none-eabi/lib/armv7e-m\libm.a(lib_a-e_pow.o)
                                                  c:/chibistudio/tools/gnu tools arm embedded/4.7 2013q1/bin/../lib/gcc/arm-none-eabi/4.7.3/../../../../arm-none-eabi/lib/armv7e-m\libm.a(lib_a-e_atan2.o)
                                                  build/obj/kb_gps.o
__aeabi_dcmpeq                                    c:/chibistudio/tools/gnu tools arm embedded/4.7 2013q1/bin/../lib/gcc/arm-none-eabi/4.7.3/armv7e-m\libgcc.a(_arm_cmpdf2.o)
                                                  c:/chibistudio/tools/gnu tools arm embedded/4.7 2013q1/bin/../lib/gcc/arm-none-eabi/4.7.3/../../../../arm-none-eabi/lib/armv7e-m\libm.a(lib_a-k_rem_pio2.o)
                                                  c:/chibistudio/tools/gnu tools arm embedded/4.7 2013q1/bin/../lib/gcc/arm-none-eabi/4.7.3/../../../../arm-none-eabi/lib/armv7e-m\libm.a(lib_a-e_rem_pio2.o)
                                                  c:/chibistudio/tools/gnu tools arm embedded/4.7 2013q1/bin/../lib/gcc/arm-none-eabi/4.7.3/../../../../arm-none-eabi/lib/armv7e-m\libm.a(lib_a-w_pow.o)
__aeabi_dcmpge                                    c:/chibistudio/tools/gnu tools arm embedded/4.7 2013q1/bin/../lib/gcc/arm-none-eabi/4.7.3/armv7e-m\libgcc.a(_arm_cmpdf2.o)
                                                  c:/chibistudio/tools/gnu tools arm embedded/4.7 2013q1/bin/../lib/gcc/arm-none-eabi/4.7.3/../../../../arm-none-eabi/lib/armv7e-m\libm.a(lib_a-k_rem_pio2.o)
__aeabi_dcmpgt                                    c:/chibistudio/tools/gnu tools arm embedded/4.7 2013q1/bin/../lib/gcc/arm-none-eabi/4.7.3/armv7e-m\libgcc.a(_arm_cmpdf2.o)
                                                  c:/chibistudio/tools/gnu tools arm embedded/4.7 2013q1/bin/../lib/gcc/arm-none-eabi/4.7.3/../../../../arm-none-eabi/lib/armv7e-m\libm.a(lib_a-s_floor.o)
                                                  c:/chibistudio/tools/gnu tools arm embedded/4.7 2013q1/bin/../lib/gcc/arm-none-eabi/4.7.3/../../../../arm-none-eabi/lib/armv7e-m\libm.a(lib_a-s_atan.o)
                                                  c:/chibistudio/tools/gnu tools arm embedded/4.7 2013q1/bin/../lib/gcc/arm-none-eabi/4.7.3/../../../../arm-none-eabi/lib/armv7e-m\libm.a(lib_a-e_pow.o)
__aeabi_dcmple                                    c:/chibistudio/tools/gnu tools arm embedded/4.7 2013q1/bin/../lib/gcc/arm-none-eabi/4.7.3/armv7e-m\libgcc.a(_arm_cmpdf2.o)
                                                  c:/chibistudio/tools/gnu tools arm embedded/4.7 2013q1/bin/../lib/gcc/arm-none-eabi/4.7.3/../../../../arm-none-eabi/lib/armv7e-m\libm.a(lib_a-e_pow.o)
__aeabi_dcmplt                                    c:/chibistudio/tools/gnu tools arm embedded/4.7 2013q1/bin/../lib/gcc/arm-none-eabi/4.7.3/armv7e-m\libgcc.a(_arm_cmpdf2.o)
                                                  c:/chibistudio/tools/gnu tools arm embedded/4.7 2013q1/bin/../lib/gcc/arm-none-eabi/4.7.3/../../../../arm-none-eabi/lib/armv7e-m\libm.a(lib_a-w_sqrt.o)
                                                  c:/chibistudio/tools/gnu tools arm embedded/4.7 2013q1/bin/../lib/gcc/arm-none-eabi/4.7.3/../../../../arm-none-eabi/lib/armv7e-m\libm.a(lib_a-w_pow.o)
__aeabi_ddiv                                      c:/chibistudio/tools/gnu tools arm embedded/4.7 2013q1/bin/../lib/gcc/arm-none-eabi/4.7.3/armv7e-m\libgcc.a(_arm_muldivdf3.o)
                                                  c:/chibistudio/tools/gnu tools arm embedded/4.7 2013q1/bin/../lib/gcc/arm-none-eabi/4.7.3/../../../../arm-none-eabi/lib/armv7e-m\libm.a(lib_a-s_atan.o)
                                                  c:/chibistudio/tools/gnu tools arm embedded/4.7 2013q1/bin/../lib/gcc/arm-none-eabi/4.7.3/../../../../arm-none-eabi/lib/armv7e-m\libm.a(lib_a-e_sqrt.o)
                                                  c:/chibistudio/tools/gnu tools arm embedded/4.7 2013q1/bin/../lib/gcc/arm-none-eabi/4.7.3/../../../../arm-none-eabi/lib/armv7e-m\libm.a(lib_a-e_pow.o)
                                                  c:/chibistudio/tools/gnu tools arm embedded/4.7 2013q1/bin/../lib/gcc/arm-none-eabi/4.7.3/../../../../arm-none-eabi/lib/armv7e-m\libm.a(lib_a-e_atan2.o)
                                                  c:/chibistudio/tools/gnu tools arm embedded/4.7 2013q1/bin/../lib/gcc/arm-none-eabi/4.7.3/../../../../arm-none-eabi/lib/armv7e-m\libm.a(lib_a-w_sqrt.o)
                                                  c:/chibistudio/tools/gnu tools arm embedded/4.7 2013q1/bin/../lib/gcc/arm-none-eabi/4.7.3/../../../../arm-none-eabi/lib/armv7e-m\libm.a(lib_a-w_pow.o)
                                                  build/obj/kb_gps.o
__aeabi_dmul                                      c:/chibistudio/tools/gnu tools arm embedded/4.7 2013q1/bin/../lib/gcc/arm-none-eabi/4.7.3/armv7e-m\libgcc.a(_arm_muldivdf3.o)
                                                  c:/chibistudio/tools/gnu tools arm embedded/4.7 2013q1/bin/../lib/gcc/arm-none-eabi/4.7.3/../../../../arm-none-eabi/lib/armv7e-m\libm.a(lib_a-s_scalbn.o)
                                                  c:/chibistudio/tools/gnu tools arm embedded/4.7 2013q1/bin/../lib/gcc/arm-none-eabi/4.7.3/../../../../arm-none-eabi/lib/armv7e-m\libm.a(lib_a-s_atan.o)
                                                  c:/chibistudio/tools/gnu tools arm embedded/4.7 2013q1/bin/../lib/gcc/arm-none-eabi/4.7.3/../../../../arm-none-eabi/lib/armv7e-m\libm.a(lib_a-k_sin.o)
                                                  c:/chibistudio/tools/gnu tools arm embedded/4.7 2013q1/bin/../lib/gcc/arm-none-eabi/4.7.3/../../../../arm-none-eabi/lib/armv7e-m\libm.a(lib_a-k_rem_pio2.o)
                                                  c:/chibistudio/tools/gnu tools arm embedded/4.7 2013q1/bin/../lib/gcc/arm-none-eabi/4.7.3/../../../../arm-none-eabi/lib/armv7e-m\libm.a(lib_a-k_cos.o)
                                                  c:/chibistudio/tools/gnu tools arm embedded/4.7 2013q1/bin/../lib/gcc/arm-none-eabi/4.7.3/../../../../arm-none-eabi/lib/armv7e-m\libm.a(lib_a-e_sqrt.o)
                                                  c:/chibistudio/tools/gnu tools arm embedded/4.7 2013q1/bin/../lib/gcc/arm-none-eabi/4.7.3/../../../../arm-none-eabi/lib/armv7e-m\libm.a(lib_a-e_rem_pio2.o)
                                                  c:/chibistudio/tools/gnu tools arm embedded/4.7 2013q1/bin/../lib/gcc/arm-none-eabi/4.7.3/../../../../arm-none-eabi/lib/armv7e-m\libm.a(lib_a-e_pow.o)
                                                  c:/chibistudio/tools/gnu tools arm embedded/4.7 2013q1/bin/../lib/gcc/arm-none-eabi/4.7.3/../../../../arm-none-eabi/lib/armv7e-m\libm.a(lib_a-w_pow.o)
                                                  build/obj/kb_gps.o
                                                  build/obj/chprintf.o
__aeabi_drsub                                     c:/chibistudio/tools/gnu tools arm embedded/4.7 2013q1/bin/../lib/gcc/arm-none-eabi/4.7.3/armv7e-m\libgcc.a(_arm_addsubdf3.o)
__aeabi_dsub                                      c:/chibistudio/tools/gnu tools arm embedded/4.7 2013q1/bin/../lib/gcc/arm-none-eabi/4.7.3/armv7e-m\libgcc.a(_arm_addsubdf3.o)
                                                  c:/chibistudio/tools/gnu tools arm embedded/4.7 2013q1/bin/../lib/gcc/arm-none-eabi/4.7.3/../../../../arm-none-eabi/lib/armv7e-m\libm.a(lib_a-s_rint.o)
                                                  c:/chibistudio/tools/gnu tools arm embedded/4.7 2013q1/bin/../lib/gcc/arm-none-eabi/4.7.3/../../../../arm-none-eabi/lib/armv7e-m\libm.a(lib_a-s_atan.o)
                                                  c:/chibistudio/tools/gnu tools arm embedded/4.7 2013q1/bin/../lib/gcc/arm-none-eabi/4.7.3/../../../../arm-none-eabi/lib/armv7e-m\libm.a(lib_a-k_sin.o)
                                                  c:/chibistudio/tools/gnu tools arm embedded/4.7 2013q1/bin/../lib/gcc/arm-none-eabi/4.7.3/../../../../arm-none-eabi/lib/armv7e-m\libm.a(lib_a-k_rem_pio2.o)
                                                  c:/chibistudio/tools/gnu tools arm embedded/4.7 2013q1/bin/../lib/gcc/arm-none-eabi/4.7.3/../../../../arm-none-eabi/lib/armv7e-m\libm.a(lib_a-k_cos.o)
                                                  c:/chibistudio/tools/gnu tools arm embedded/4.7 2013q1/bin/../lib/gcc/arm-none-eabi/4.7.3/../../../../arm-none-eabi/lib/armv7e-m\libm.a(lib_a-e_sqrt.o)
                                                  c:/chibistudio/tools/gnu tools arm embedded/4.7 2013q1/bin/../lib/gcc/arm-none-eabi/4.7.3/../../../../arm-none-eabi/lib/armv7e-m\libm.a(lib_a-e_rem_pio2.o)
                                                  c:/chibistudio/tools/gnu tools arm embedded/4.7 2013q1/bin/../lib/gcc/arm-none-eabi/4.7.3/../../../../arm-none-eabi/lib/armv7e-m\libm.a(lib_a-e_pow.o)
                                                  c:/chibistudio/tools/gnu tools arm embedded/4.7 2013q1/bin/../lib/gcc/arm-none-eabi/4.7.3/../../../../arm-none-eabi/lib/armv7e-m\libm.a(lib_a-e_atan2.o)
                                                  c:/chibistudio/tools/gnu tools arm embedded/4.7 2013q1/bin/../lib/gcc/arm-none-eabi/4.7.3/../../../../arm-none-eabi/lib/armv7e-m\libm.a(lib_a-s_sin.o)
                                                  c:/chibistudio/tools/gnu tools arm embedded/4.7 2013q1/bin/../lib/gcc/arm-none-eabi/4.7.3/../../../../arm-none-eabi/lib/armv7e-m\libm.a(lib_a-s_cos.o)
                                                  build/obj/kb_gps.o
                                                  build/obj/chprintf.o
__aeabi_f2d                                       c:/chibistudio/tools/gnu tools arm embedded/4.7 2013q1/bin/../lib/gcc/arm-none-eabi/4.7.3/armv7e-m\libgcc.a(_arm_addsubdf3.o)
                                                  build/obj/kb_gps.o
                                                  build/obj/chprintf.o
__aeabi_i2d                                       c:/chibistudio/tools/gnu tools arm embedded/4.7 2013q1/bin/../lib/gcc/arm-none-eabi/4.7.3/armv7e-m\libgcc.a(_arm_addsubdf3.o)
                                                  c:/chibistudio/tools/gnu tools arm embedded/4.7 2013q1/bin/../lib/gcc/arm-none-eabi/4.7.3/../../../../arm-none-eabi/lib/armv7e-m\libm.a(lib_a-k_rem_pio2.o)
                                                  c:/chibistudio/tools/gnu tools arm embedded/4.7 2013q1/bin/../lib/gcc/arm-none-eabi/4.7.3/../../../../arm-none-eabi/lib/armv7e-m\libm.a(lib_a-e_rem_pio2.o)
                                                  c:/chibistudio/tools/gnu tools arm embedded/4.7 2013q1/bin/../lib/gcc/arm-none-eabi/4.7.3/../../../../arm-none-eabi/lib/armv7e-m\libm.a(lib_a-e_pow.o)
                                                  build/obj/kb_gps.o
                                                  build/obj/chprintf.o
__aeabi_l2d                                       c:/chibistudio/tools/gnu tools arm embedded/4.7 2013q1/bin/../lib/gcc/arm-none-eabi/4.7.3/armv7e-m\libgcc.a(_arm_addsubdf3.o)
__aeabi_ui2d                                      c:/chibistudio/tools/gnu tools arm embedded/4.7 2013q1/bin/../lib/gcc/arm-none-eabi/4.7.3/armv7e-m\libgcc.a(_arm_addsubdf3.o)
__aeabi_ul2d                                      c:/chibistudio/tools/gnu tools arm embedded/4.7 2013q1/bin/../lib/gcc/arm-none-eabi/4.7.3/armv7e-m\libgcc.a(_arm_addsubdf3.o)
__cmpdf2                                          c:/chibistudio/tools/gnu tools arm embedded/4.7 2013q1/bin/../lib/gcc/arm-none-eabi/4.7.3/armv7e-m\libgcc.a(_arm_cmpdf2.o)
__divdf3                                          c:/chibistudio/tools/gnu tools arm embedded/4.7 2013q1/bin/../lib/gcc/arm-none-eabi/4.7.3/armv7e-m\libgcc.a(_arm_muldivdf3.o)
__early_init                                      build/obj/board.o
                                                  build/obj/crt0.o
__eqdf2                                           c:/chibistudio/tools/gnu tools arm embedded/4.7 2013q1/bin/../lib/gcc/arm-none-eabi/4.7.3/armv7e-m\libgcc.a(_arm_cmpdf2.o)
__errno                                           c:/chibistudio/tools/gnu tools arm embedded/4.7 2013q1/bin/../lib/gcc/arm-none-eabi/4.7.3/../../../../arm-none-eabi/lib/armv7e-m\libc.a(lib_a-errno.o)
                                                  c:/chibistudio/tools/gnu tools arm embedded/4.7 2013q1/bin/../lib/gcc/arm-none-eabi/4.7.3/../../../../arm-none-eabi/lib/armv7e-m\libm.a(lib_a-w_sqrt.o)
                                                  c:/chibistudio/tools/gnu tools arm embedded/4.7 2013q1/bin/../lib/gcc/arm-none-eabi/4.7.3/../../../../arm-none-eabi/lib/armv7e-m\libm.a(lib_a-w_pow.o)
__extendsfdf2                                     c:/chibistudio/tools/gnu tools arm embedded/4.7 2013q1/bin/../lib/gcc/arm-none-eabi/4.7.3/armv7e-m\libgcc.a(_arm_addsubdf3.o)
__fdlib_version                                   c:/chibistudio/tools/gnu tools arm embedded/4.7 2013q1/bin/../lib/gcc/arm-none-eabi/4.7.3/../../../../arm-none-eabi/lib/armv7e-m\libm.a(lib_a-s_lib_ver.o)
                                                  c:/chibistudio/tools/gnu tools arm embedded/4.7 2013q1/bin/../lib/gcc/arm-none-eabi/4.7.3/../../../../arm-none-eabi/lib/armv7e-m\libm.a(lib_a-w_sqrt.o)
                                                  c:/chibistudio/tools/gnu tools arm embedded/4.7 2013q1/bin/../lib/gcc/arm-none-eabi/4.7.3/../../../../arm-none-eabi/lib/armv7e-m\libm.a(lib_a-w_pow.o)
__fini_array_end                                  build/obj/crt0.o
__fini_array_start                                build/obj/crt0.o
__fixdfsi                                         c:/chibistudio/tools/gnu tools arm embedded/4.7 2013q1/bin/../lib/gcc/arm-none-eabi/4.7.3/armv7e-m\libgcc.a(_arm_fixdfsi.o)
__floatdidf                                       c:/chibistudio/tools/gnu tools arm embedded/4.7 2013q1/bin/../lib/gcc/arm-none-eabi/4.7.3/armv7e-m\libgcc.a(_arm_addsubdf3.o)
__floatsidf                                       c:/chibistudio/tools/gnu tools arm embedded/4.7 2013q1/bin/../lib/gcc/arm-none-eabi/4.7.3/armv7e-m\libgcc.a(_arm_addsubdf3.o)
__floatundidf                                     c:/chibistudio/tools/gnu tools arm embedded/4.7 2013q1/bin/../lib/gcc/arm-none-eabi/4.7.3/armv7e-m\libgcc.a(_arm_addsubdf3.o)
__floatunsidf                                     c:/chibistudio/tools/gnu tools arm embedded/4.7 2013q1/bin/../lib/gcc/arm-none-eabi/4.7.3/armv7e-m\libgcc.a(_arm_addsubdf3.o)
__fpclassifyd                                     c:/chibistudio/tools/gnu tools arm embedded/4.7 2013q1/bin/../lib/gcc/arm-none-eabi/4.7.3/../../../../arm-none-eabi/lib/armv7e-m\libm.a(lib_a-s_fpclassify.o)
                                                  c:/chibistudio/tools/gnu tools arm embedded/4.7 2013q1/bin/../lib/gcc/arm-none-eabi/4.7.3/../../../../arm-none-eabi/lib/armv7e-m\libm.a(lib_a-w_sqrt.o)
                                                  c:/chibistudio/tools/gnu tools arm embedded/4.7 2013q1/bin/../lib/gcc/arm-none-eabi/4.7.3/../../../../arm-none-eabi/lib/armv7e-m\libm.a(lib_a-w_pow.o)
__gedf2                                           c:/chibistudio/tools/gnu tools arm embedded/4.7 2013q1/bin/../lib/gcc/arm-none-eabi/4.7.3/armv7e-m\libgcc.a(_arm_cmpdf2.o)
__gettzinfo                                       c:/chibistudio/tools/gnu tools arm embedded/4.7 2013q1/bin/../lib/gcc/arm-none-eabi/4.7.3/../../../../arm-none-eabi/lib/armv7e-m\libc.a(lib_a-gettzinfo.o)
                                                  c:/chibistudio/tools/gnu tools arm embedded/4.7 2013q1/bin/../lib/gcc/arm-none-eabi/4.7.3/../../../../arm-none-eabi/lib/armv7e-m\libc.a(lib_a-mktm_r.o)
                                                  c:/chibistudio/tools/gnu tools arm embedded/4.7 2013q1/bin/../lib/gcc/arm-none-eabi/4.7.3/../../../../arm-none-eabi/lib/armv7e-m\libc.a(lib_a-mktime.o)
__gtdf2                                           c:/chibistudio/tools/gnu tools arm embedded/4.7 2013q1/bin/../lib/gcc/arm-none-eabi/4.7.3/armv7e-m\libgcc.a(_arm_cmpdf2.o)
__heap_base__                                     build/obj/chmemcore.o
__heap_end__                                      build/obj/chmemcore.o
__ieee754_atan2                                   c:/chibistudio/tools/gnu tools arm embedded/4.7 2013q1/bin/../lib/gcc/arm-none-eabi/4.7.3/../../../../arm-none-eabi/lib/armv7e-m\libm.a(lib_a-e_atan2.o)
                                                  c:/chibistudio/tools/gnu tools arm embedded/4.7 2013q1/bin/../lib/gcc/arm-none-eabi/4.7.3/../../../../arm-none-eabi/lib/armv7e-m\libm.a(lib_a-w_atan2.o)
__ieee754_pow                                     c:/chibistudio/tools/gnu tools arm embedded/4.7 2013q1/bin/../lib/gcc/arm-none-eabi/4.7.3/../../../../arm-none-eabi/lib/armv7e-m\libm.a(lib_a-e_pow.o)
                                                  c:/chibistudio/tools/gnu tools arm embedded/4.7 2013q1/bin/../lib/gcc/arm-none-eabi/4.7.3/../../../../arm-none-eabi/lib/armv7e-m\libm.a(lib_a-w_pow.o)
__ieee754_rem_pio2                                c:/chibistudio/tools/gnu tools arm embedded/4.7 2013q1/bin/../lib/gcc/arm-none-eabi/4.7.3/../../../../arm-none-eabi/lib/armv7e-m\libm.a(lib_a-e_rem_pio2.o)
                                                  c:/chibistudio/tools/gnu tools arm embedded/4.7 2013q1/bin/../lib/gcc/arm-none-eabi/4.7.3/../../../../arm-none-eabi/lib/armv7e-m\libm.a(lib_a-s_sin.o)
                                                  c:/chibistudio/tools/gnu tools arm embedded/4.7 2013q1/bin/../lib/gcc/arm-none-eabi/4.7.3/../../../../arm-none-eabi/lib/armv7e-m\libm.a(lib_a-s_cos.o)